     1 00000000                                 [FORMAT "WCOFF"]
     2 00000000                                 [INSTRSET "i486p"]
     3 00000000                                 [OPTIMIZE 1]
     4 00000000                                 [OPTION 1]
     5 00000000                                 [BITS 32]
     6 00000000                                 	EXTERN	_io_hlt
     7 00000000                                 	EXTERN	_memman_alloc_4k
     8 00000000                                 	EXTERN	_memmam_link_page_32_m
     9 00000000                                 	EXTERN	_set_segmdesc
    10 00000000                                 	EXTERN	_load_tr
    11 00000000                                 	EXTERN	_timer_alloc
    12 00000000                                 	EXTERN	_timer_settime
    13 00000000                                 	EXTERN	_farjmp
    14 00000000                                 [FILE "mtask.c"]
    15                                          [SECTION .text]
    16 00000000                                 	GLOBAL	_task_now
    17 00000000                                 _task_now:
    18 00000000 A1 [00000000]                   	MOV	EAX,DWORD [_taskctl]
    19 00000005 55                              	PUSH	EBP
    20 00000006 89 E5                           	MOV	EBP,ESP
    21 00000008 5D                              	POP	EBP
    22 00000009 8B 10                           	MOV	EDX,DWORD [EAX]
    23 0000000B 69 D2 00000198                  	IMUL	EDX,EDX,408
    24 00000011 8D 44 02 08                     	LEA	EAX,DWORD [8+EDX+EAX*1]
    25 00000015 8B 50 04                        	MOV	EDX,DWORD [4+EAX]
    26 00000018 8B 44 90 08                     	MOV	EAX,DWORD [8+EAX+EDX*4]
    27 0000001C C3                              	RET
    28 0000001D                                 	GLOBAL	_task_add
    29 0000001D                                 _task_add:
    30 0000001D 55                              	PUSH	EBP
    31 0000001E 89 E5                           	MOV	EBP,ESP
    32 00000020 8B 4D 08                        	MOV	ECX,DWORD [8+EBP]
    33 00000023 8B 51 08                        	MOV	EDX,DWORD [8+ECX]
    34 00000026 69 D2 00000198                  	IMUL	EDX,EDX,408
    35 0000002C 03 15 [00000000]                	ADD	EDX,DWORD [_taskctl]
    36 00000032 8B 42 08                        	MOV	EAX,DWORD [8+EDX]
    37 00000035 89 4C 82 10                     	MOV	DWORD [16+EDX+EAX*4],ECX
    38 00000039 40                              	INC	EAX
    39 0000003A 89 42 08                        	MOV	DWORD [8+EDX],EAX
    40 0000003D C7 41 04 00000002               	MOV	DWORD [4+ECX],2
    41 00000044 5D                              	POP	EBP
    42 00000045 C3                              	RET
    43 00000046                                 	GLOBAL	_task_remove
    44 00000046                                 _task_remove:
    45 00000046 55                              	PUSH	EBP
    46 00000047 31 C9                           	XOR	ECX,ECX
    47 00000049 89 E5                           	MOV	EBP,ESP
    48 0000004B 53                              	PUSH	EBX
    49 0000004C 8B 5D 08                        	MOV	EBX,DWORD [8+EBP]
    50 0000004F 8B 43 08                        	MOV	EAX,DWORD [8+EBX]
    51 00000052 69 C0 00000198                  	IMUL	EAX,EAX,408
    52 00000058 03 05 [00000000]                	ADD	EAX,DWORD [_taskctl]
    53 0000005E 8D 50 08                        	LEA	EDX,DWORD [8+EAX]
    54 00000061 3B 48 08                        	CMP	ECX,DWORD [8+EAX]
    55 00000064 7D 0B                           	JGE	L5
    56 00000066                                 L9:
    57 00000066 39 5C 8A 08                     	CMP	DWORD [8+EDX+ECX*4],EBX
    58 0000006A 74 05                           	JE	L5
    59 0000006C 41                              	INC	ECX
    60 0000006D 3B 0A                           	CMP	ECX,DWORD [EDX]
    61 0000006F 7C F5                           	JL	L9
    62 00000071                                 L5:
    63 00000071 8B 42 04                        	MOV	EAX,DWORD [4+EDX]
    64 00000074 FF 0A                           	DEC	DWORD [EDX]
    65 00000076 39 C1                           	CMP	ECX,EAX
    66 00000078 7D 04                           	JGE	L10
    67 0000007A 48                              	DEC	EAX
    68 0000007B 89 42 04                        	MOV	DWORD [4+EDX],EAX
    69 0000007E                                 L10:
    70 0000007E 8B 02                           	MOV	EAX,DWORD [EDX]
    71 00000080 39 42 04                        	CMP	DWORD [4+EDX],EAX
    72 00000083 7C 07                           	JL	L11
    73 00000085 C7 42 04 00000000               	MOV	DWORD [4+EDX],0
    74 0000008C                                 L11:
    75 0000008C C7 43 04 00000001               	MOV	DWORD [4+EBX],1
    76 00000093 8B 1A                           	MOV	EBX,DWORD [EDX]
    77 00000095 39 D9                           	CMP	ECX,EBX
    78 00000097 7D 0D                           	JGE	L19
    79 00000099                                 L16:
    80 00000099 8B 44 8A 0C                     	MOV	EAX,DWORD [12+EDX+ECX*4]
    81 0000009D 89 44 8A 08                     	MOV	DWORD [8+EDX+ECX*4],EAX
    82 000000A1 41                              	INC	ECX
    83 000000A2 39 D9                           	CMP	ECX,EBX
    84 000000A4 7C F3                           	JL	L16
    85 000000A6                                 L19:
    86 000000A6 5B                              	POP	EBX
    87 000000A7 5D                              	POP	EBP
    88 000000A8 C3                              	RET
    89 000000A9                                 	GLOBAL	_task_switchsub
    90 000000A9                                 _task_switchsub:
    91 000000A9 55                              	PUSH	EBP
    92 000000AA 31 C9                           	XOR	ECX,ECX
    93 000000AC 89 E5                           	MOV	EBP,ESP
    94 000000AE A1 [00000000]                   	MOV	EAX,DWORD [_taskctl]
    95 000000B3 31 D2                           	XOR	EDX,EDX
    96 000000B5                                 L26:
    97 000000B5 83 7C 10 08 00                  	CMP	DWORD [8+EAX+EDX*1],0
    98 000000BA 7F 0C                           	JG	L22
    99 000000BC 41                              	INC	ECX
   100 000000BD 81 C2 00000198                  	ADD	EDX,408
   101 000000C3 83 F9 09                        	CMP	ECX,9
   102 000000C6 7E ED                           	JLE	L26
   103 000000C8                                 L22:
   104 000000C8 89 08                           	MOV	DWORD [EAX],ECX
   105 000000CA C6 40 04 00                     	MOV	BYTE [4+EAX],0
   106 000000CE 5D                              	POP	EBP
   107 000000CF C3                              	RET
   108 000000D0                                 	GLOBAL	_task_idle
   109 000000D0                                 _task_idle:
   110 000000D0 55                              	PUSH	EBP
   111 000000D1 89 E5                           	MOV	EBP,ESP
   112 000000D3                                 L29:
   113 000000D3 E8 [00000000]                   	CALL	_io_hlt
   114 000000D8 EB F9                           	JMP	L29
   115 000000DA                                 	GLOBAL	_task_init
   116 000000DA                                 _task_init:
   117 000000DA 55                              	PUSH	EBP
   118 000000DB 89 E5                           	MOV	EBP,ESP
   119 000000DD 57                              	PUSH	EDI
   120 000000DE 56                              	PUSH	ESI
   121 000000DF 31 FF                           	XOR	EDI,EDI
   122 000000E1 53                              	PUSH	EBX
   123 000000E2 31 F6                           	XOR	ESI,ESI
   124 000000E4 50                              	PUSH	EAX
   125 000000E5 BB 000003E7                     	MOV	EBX,999
   126 000000EA A1 0026F000                     	MOV	EAX,DWORD [2551808]
   127 000000EF 68 00033C78                     	PUSH	212088
   128 000000F4 FF 75 08                        	PUSH	DWORD [8+EBP]
   129 000000F7 89 45 F0                        	MOV	DWORD [-16+EBP],EAX
   130 000000FA E8 [00000000]                   	CALL	_memman_alloc_4k
   131 000000FF 6A 00                           	PUSH	0
   132 00000101 A3 [00000000]                   	MOV	DWORD [_taskctl],EAX
   133 00000106 6A 34                           	PUSH	52
   134 00000108 6A 07                           	PUSH	7
   135 0000010A 50                              	PUSH	EAX
   136 0000010B 68 00268000                     	PUSH	2523136
   137 00000110 FF 75 F0                        	PUSH	DWORD [-16+EBP]
   138 00000113 E8 [00000000]                   	CALL	_memmam_link_page_32_m
   139 00000118 83 C4 20                        	ADD	ESP,32
   140 0000011B                                 L37:
   141 0000011B 89 FA                           	MOV	EDX,EDI
   142 0000011D 8D 46 18                        	LEA	EAX,DWORD [24+ESI]
   143 00000120 03 15 [00000000]                	ADD	EDX,DWORD [_taskctl]
   144 00000126 89 82 00000FF8                  	MOV	DWORD [4088+EDX],EAX
   145 0000012C 8D 86 00001F58                  	LEA	EAX,DWORD [8024+ESI]
   146 00000132 89 82 00001084                  	MOV	DWORD [4228+EDX],EAX
   147 00000138 8D 86 00270018                  	LEA	EAX,DWORD [2555928+ESI]
   148 0000013E C7 82 00000FFC 00000000         	MOV	DWORD [4092+EDX],0
   149 00000148 68 00000089                     	PUSH	137
   150 0000014D 81 C2 00001024                  	ADD	EDX,4132
   151 00000153 52                              	PUSH	EDX
   152 00000154 6A 67                           	PUSH	103
   153 00000156 50                              	PUSH	EAX
   154 00000157 E8 [00000000]                   	CALL	_set_segmdesc
   155 0000015C A1 [00000000]                   	MOV	EAX,DWORD [_taskctl]
   156 00000161 01 F8                           	ADD	EAX,EDI
   157 00000163 68 00000082                     	PUSH	130
   158 00000168 05 0000108C                     	ADD	EAX,4236
   159 0000016D 81 C7 000000D0                  	ADD	EDI,208
   160 00000173 50                              	PUSH	EAX
   161 00000174 8D 86 00271F58                  	LEA	EAX,DWORD [2563928+ESI]
   162 0000017A 6A 1F                           	PUSH	31
   163 0000017C 83 C6 08                        	ADD	ESI,8
   164 0000017F 50                              	PUSH	EAX
   165 00000180 E8 [00000000]                   	CALL	_set_segmdesc
   166 00000185 83 C4 20                        	ADD	ESP,32
   167 00000188 4B                              	DEC	EBX
   168 00000189 79 90                           	JNS	L37
   169 0000018B 8B 0D [00000000]                	MOV	ECX,DWORD [_taskctl]
   170 00000191 31 D2                           	XOR	EDX,EDX
   171 00000193 BB 00000009                     	MOV	EBX,9
   172 00000198                                 L42:
   173 00000198 8D 04 11                        	LEA	EAX,DWORD [ECX+EDX*1]
   174 0000019B 81 C2 00000198                  	ADD	EDX,408
   175 000001A1 4B                              	DEC	EBX
   176 000001A2 C7 40 08 00000000               	MOV	DWORD [8+EAX],0
   177 000001A9 C7 40 0C 00000000               	MOV	DWORD [12+EAX],0
   178 000001B0 79 E6                           	JNS	L42
   179 000001B2 E8 000000C5                     	CALL	_task_alloc
   180 000001B7 89 C6                           	MOV	ESI,EAX
   181 000001B9 C7 40 04 00000002               	MOV	DWORD [4+EAX],2
   182 000001C0 C7 40 0C 00000002               	MOV	DWORD [12+EAX],2
   183 000001C7 C7 40 08 00000000               	MOV	DWORD [8+EAX],0
   184 000001CE 50                              	PUSH	EAX
   185 000001CF E8 FFFFFE49                     	CALL	_task_add
   186 000001D4 E8 FFFFFED0                     	CALL	_task_switchsub
   187 000001D9 FF 36                           	PUSH	DWORD [ESI]
   188 000001DB E8 [00000000]                   	CALL	_load_tr
   189 000001E0 E8 [00000000]                   	CALL	_timer_alloc
   190 000001E5 FF 76 0C                        	PUSH	DWORD [12+ESI]
   191 000001E8 50                              	PUSH	EAX
   192 000001E9 A3 [00000004]                   	MOV	DWORD [_task_timer],EAX
   193 000001EE E8 [00000000]                   	CALL	_timer_settime
   194 000001F3 E8 00000084                     	CALL	_task_alloc
   195 000001F8 68 00010000                     	PUSH	65536
   196 000001FD FF 75 08                        	PUSH	DWORD [8+EBP]
   197 00000200 89 C3                           	MOV	EBX,EAX
   198 00000202 E8 [00000000]                   	CALL	_memman_alloc_4k
   199 00000207 05 00010000                     	ADD	EAX,65536
   200 0000020C 89 43 64                        	MOV	DWORD [100+EBX],EAX
   201 0000020F 6A 00                           	PUSH	0
   202 00000211 6A 10                           	PUSH	16
   203 00000213 6A 07                           	PUSH	7
   204 00000215 8B 43 64                        	MOV	EAX,DWORD [100+EBX]
   205 00000218 2D 00010000                     	SUB	EAX,65536
   206 0000021D 50                              	PUSH	EAX
   207 0000021E 68 00268000                     	PUSH	2523136
   208 00000223 FF 75 F0                        	PUSH	DWORD [-16+EBP]
   209 00000226 E8 [00000000]                   	CALL	_memmam_link_page_32_m
   210 0000022B 83 C4 30                        	ADD	ESP,48
   211 0000022E C7 43 4C [000000D0]             	MOV	DWORD [76+EBX],_task_idle
   212 00000235 C7 43 74 00000008               	MOV	DWORD [116+EBX],8
   213 0000023C C7 43 78 00000010               	MOV	DWORD [120+EBX],16
   214 00000243 C7 43 7C 00000008               	MOV	DWORD [124+EBX],8
   215 0000024A C7 83 00000080 00000008         	MOV	DWORD [128+EBX],8
   216 00000254 C7 83 00000084 00000008         	MOV	DWORD [132+EBX],8
   217 0000025E C7 83 00000088 00000008         	MOV	DWORD [136+EBX],8
   218 00000268 6A 01                           	PUSH	1
   219 0000026A 6A 09                           	PUSH	9
   220 0000026C 53                              	PUSH	EBX
   221 0000026D E8 000000BB                     	CALL	_task_run
   222 00000272 8D 65 F4                        	LEA	ESP,DWORD [-12+EBP]
   223 00000275 5B                              	POP	EBX
   224 00000276 89 F0                           	MOV	EAX,ESI
   225 00000278 5E                              	POP	ESI
   226 00000279 5F                              	POP	EDI
   227 0000027A 5D                              	POP	EBP
   228 0000027B C3                              	RET
   229 0000027C                                 	GLOBAL	_task_alloc
   230 0000027C                                 _task_alloc:
   231 0000027C 55                              	PUSH	EBP
   232 0000027D 31 C9                           	XOR	ECX,ECX
   233 0000027F 89 E5                           	MOV	EBP,ESP
   234 00000281 31 D2                           	XOR	EDX,EDX
   235 00000283                                 L53:
   236 00000283 89 D0                           	MOV	EAX,EDX
   237 00000285 03 05 [00000000]                	ADD	EAX,DWORD [_taskctl]
   238 0000028B 83 B8 00000FFC 00               	CMP	DWORD [4092+EAX],0
   239 00000292 74 13                           	JE	L56
   240 00000294 41                              	INC	ECX
   241 00000295 81 C2 000000D0                  	ADD	EDX,208
   242 0000029B 81 F9 000003E7                  	CMP	ECX,999
   243 000002A1 7E E0                           	JLE	L53
   244 000002A3 31 C0                           	XOR	EAX,EAX
   245 000002A5                                 L47:
   246 000002A5 5D                              	POP	EBP
   247 000002A6 C3                              	RET
   248 000002A7                                 L56:
   249 000002A7 05 00000FF8                     	ADD	EAX,4088
   250 000002AC C7 40 04 00000001               	MOV	DWORD [4+EAX],1
   251 000002B3 C7 40 50 00000202               	MOV	DWORD [80+EAX],514
   252 000002BA C7 40 54 00000000               	MOV	DWORD [84+EAX],0
   253 000002C1 C7 40 58 00000000               	MOV	DWORD [88+EAX],0
   254 000002C8 C7 40 5C 00000000               	MOV	DWORD [92+EAX],0
   255 000002CF C7 40 60 00000000               	MOV	DWORD [96+EAX],0
   256 000002D6 C7 40 68 00000000               	MOV	DWORD [104+EAX],0
   257 000002DD C7 40 6C 00000000               	MOV	DWORD [108+EAX],0
   258 000002E4 C7 40 70 00000000               	MOV	DWORD [112+EAX],0
   259 000002EB C7 40 74 00000000               	MOV	DWORD [116+EAX],0
   260 000002F2 C7 80 00000080 00000000         	MOV	DWORD [128+EAX],0
   261 000002FC C7 80 00000084 00000000         	MOV	DWORD [132+EAX],0
   262 00000306 C7 80 00000088 00000000         	MOV	DWORD [136+EAX],0
   263 00000310 C7 80 00000090 40000000         	MOV	DWORD [144+EAX],1073741824
   264 0000031A C7 40 34 00000000               	MOV	DWORD [52+EAX],0
   265 00000321 C7 40 48 00268000               	MOV	DWORD [72+EAX],2523136
   266 00000328 E9 FFFFFF78                     	JMP	L47
   267 0000032D                                 	GLOBAL	_task_run
   268 0000032D                                 _task_run:
   269 0000032D 55                              	PUSH	EBP
   270 0000032E 89 E5                           	MOV	EBP,ESP
   271 00000330 56                              	PUSH	ESI
   272 00000331 53                              	PUSH	EBX
   273 00000332 8B 75 0C                        	MOV	ESI,DWORD [12+EBP]
   274 00000335 8B 45 10                        	MOV	EAX,DWORD [16+EBP]
   275 00000338 8B 5D 08                        	MOV	EBX,DWORD [8+EBP]
   276 0000033B 85 F6                           	TEST	ESI,ESI
   277 0000033D 78 3B                           	JS	L62
   278 0000033F                                 L58:
   279 0000033F 85 C0                           	TEST	EAX,EAX
   280 00000341 7E 03                           	JLE	L59
   281 00000343 89 43 0C                        	MOV	DWORD [12+EBX],EAX
   282 00000346                                 L59:
   283 00000346 83 7B 04 02                     	CMP	DWORD [4+EBX],2
   284 0000034A 74 20                           	JE	L63
   285 0000034C                                 L60:
   286 0000034C 83 7B 04 02                     	CMP	DWORD [4+EBX],2
   287 00000350 74 0A                           	JE	L61
   288 00000352 89 73 08                        	MOV	DWORD [8+EBX],ESI
   289 00000355 53                              	PUSH	EBX
   290 00000356 E8 FFFFFCC2                     	CALL	_task_add
   291 0000035B 5A                              	POP	EDX
   292 0000035C                                 L61:
   293 0000035C A1 [00000000]                   	MOV	EAX,DWORD [_taskctl]
   294 00000361 C6 40 04 01                     	MOV	BYTE [4+EAX],1
   295 00000365 8D 65 F8                        	LEA	ESP,DWORD [-8+EBP]
   296 00000368 5B                              	POP	EBX
   297 00000369 5E                              	POP	ESI
   298 0000036A 5D                              	POP	EBP
   299 0000036B C3                              	RET
   300 0000036C                                 L63:
   301 0000036C 39 73 08                        	CMP	DWORD [8+EBX],ESI
   302 0000036F 74 DB                           	JE	L60
   303 00000371 53                              	PUSH	EBX
   304 00000372 E8 FFFFFCCF                     	CALL	_task_remove
   305 00000377 59                              	POP	ECX
   306 00000378 EB D2                           	JMP	L60
   307 0000037A                                 L62:
   308 0000037A 8B 73 08                        	MOV	ESI,DWORD [8+EBX]
   309 0000037D EB C0                           	JMP	L58
   310 0000037F                                 	GLOBAL	_task_sleep
   311 0000037F                                 _task_sleep:
   312 0000037F 55                              	PUSH	EBP
   313 00000380 89 E5                           	MOV	EBP,ESP
   314 00000382 56                              	PUSH	ESI
   315 00000383 53                              	PUSH	EBX
   316 00000384 8B 75 08                        	MOV	ESI,DWORD [8+EBP]
   317 00000387 83 7E 04 02                     	CMP	DWORD [4+ESI],2
   318 0000038B 74 07                           	JE	L67
   319 0000038D                                 L64:
   320 0000038D 8D 65 F8                        	LEA	ESP,DWORD [-8+EBP]
   321 00000390 5B                              	POP	EBX
   322 00000391 5E                              	POP	ESI
   323 00000392 5D                              	POP	EBP
   324 00000393 C3                              	RET
   325 00000394                                 L67:
   326 00000394 E8 FFFFFC67                     	CALL	_task_now
   327 00000399 56                              	PUSH	ESI
   328 0000039A 89 C3                           	MOV	EBX,EAX
   329 0000039C E8 FFFFFCA5                     	CALL	_task_remove
   330 000003A1 58                              	POP	EAX
   331 000003A2 39 DE                           	CMP	ESI,EBX
   332 000003A4 75 E7                           	JNE	L64
   333 000003A6 E8 FFFFFCFE                     	CALL	_task_switchsub
   334 000003AB E8 FFFFFC50                     	CALL	_task_now
   335 000003B0 FF 30                           	PUSH	DWORD [EAX]
   336 000003B2 6A 00                           	PUSH	0
   337 000003B4 E8 [00000000]                   	CALL	_farjmp
   338 000003B9 5B                              	POP	EBX
   339 000003BA 5E                              	POP	ESI
   340 000003BB EB D0                           	JMP	L64
   341 000003BD                                 	GLOBAL	_task_switch
   342 000003BD                                 _task_switch:
   343 000003BD 55                              	PUSH	EBP
   344 000003BE 89 E5                           	MOV	EBP,ESP
   345 000003C0 56                              	PUSH	ESI
   346 000003C1 53                              	PUSH	EBX
   347 000003C2 8B 1D [00000000]                	MOV	EBX,DWORD [_taskctl]
   348 000003C8 8B 13                           	MOV	EDX,DWORD [EBX]
   349 000003CA 69 D2 00000198                  	IMUL	EDX,EDX,408
   350 000003D0 8D 14 1A                        	LEA	EDX,DWORD [EDX+EBX*1]
   351 000003D3 8D 4A 08                        	LEA	ECX,DWORD [8+EDX]
   352 000003D6 8B 41 04                        	MOV	EAX,DWORD [4+ECX]
   353 000003D9 8B 74 81 08                     	MOV	ESI,DWORD [8+ECX+EAX*4]
   354 000003DD 40                              	INC	EAX
   355 000003DE 89 41 04                        	MOV	DWORD [4+ECX],EAX
   356 000003E1 3B 42 08                        	CMP	EAX,DWORD [8+EDX]
   357 000003E4 74 4C                           	JE	L72
   358 000003E6                                 L69:
   359 000003E6 80 7B 04 00                     	CMP	BYTE [4+EBX],0
   360 000003EA 75 2D                           	JNE	L73
   361 000003EC                                 L70:
   362 000003EC 8B 41 04                        	MOV	EAX,DWORD [4+ECX]
   363 000003EF 8B 5C 81 08                     	MOV	EBX,DWORD [8+ECX+EAX*4]
   364 000003F3 FF 73 0C                        	PUSH	DWORD [12+EBX]
   365 000003F6 FF 35 [00000004]                	PUSH	DWORD [_task_timer]
   366 000003FC E8 [00000000]                   	CALL	_timer_settime
   367 00000401 39 F3                           	CMP	EBX,ESI
   368 00000403 59                              	POP	ECX
   369 00000404 58                              	POP	EAX
   370 00000405 74 0B                           	JE	L68
   371 00000407 FF 33                           	PUSH	DWORD [EBX]
   372 00000409 6A 00                           	PUSH	0
   373 0000040B E8 [00000000]                   	CALL	_farjmp
   374 00000410 58                              	POP	EAX
   375 00000411 5A                              	POP	EDX
   376 00000412                                 L68:
   377 00000412 8D 65 F8                        	LEA	ESP,DWORD [-8+EBP]
   378 00000415 5B                              	POP	EBX
   379 00000416 5E                              	POP	ESI
   380 00000417 5D                              	POP	EBP
   381 00000418 C3                              	RET
   382 00000419                                 L73:
   383 00000419 E8 FFFFFC8B                     	CALL	_task_switchsub
   384 0000041E 8B 15 [00000000]                	MOV	EDX,DWORD [_taskctl]
   385 00000424 8B 02                           	MOV	EAX,DWORD [EDX]
   386 00000426 69 C0 00000198                  	IMUL	EAX,EAX,408
   387 0000042C 8D 4C 10 08                     	LEA	ECX,DWORD [8+EAX+EDX*1]
   388 00000430 EB BA                           	JMP	L70
   389 00000432                                 L72:
   390 00000432 C7 41 04 00000000               	MOV	DWORD [4+ECX],0
   391 00000439 EB AB                           	JMP	L69
   392 0000043B                                 	GLOBAL	_taskctl
   393                                          [SECTION .data]
   394 00000000                                 	ALIGNB	4
   395 00000000                                 _taskctl:
   396 00000000 00 00 00 00                     	RESB	4
   397 00000004                                 	GLOBAL	_task_timer
   398                                          [SECTION .data]
   399 00000004                                 	ALIGNB	4
   400 00000004                                 _task_timer:
   401 00000004 00 00 00 00                     	RESB	4
