     1 00000000                                 [FORMAT "WCOFF"]
     2 00000000                                 [INSTRSET "i486p"]
     3 00000000                                 [OPTIMIZE 1]
     4 00000000                                 [OPTION 1]
     5 00000000                                 [BITS 32]
     6 00000000                                 	EXTERN	_io_hlt
     7 00000000                                 	EXTERN	_memman_alloc_4k
     8 00000000                                 	EXTERN	_set_segmdesc
     9 00000000                                 	EXTERN	_load_tr
    10 00000000                                 	EXTERN	_timer_alloc
    11 00000000                                 	EXTERN	_timer_settime
    12 00000000                                 	EXTERN	_farjmp
    13 00000000                                 [FILE "mtask.c"]
    14                                          [SECTION .text]
    15 00000000                                 	GLOBAL	_task_now
    16 00000000                                 _task_now:
    17 00000000 A1 [00000000]                   	MOV	EAX,DWORD [_taskctl]
    18 00000005 55                              	PUSH	EBP
    19 00000006 89 E5                           	MOV	EBP,ESP
    20 00000008 5D                              	POP	EBP
    21 00000009 8B 10                           	MOV	EDX,DWORD [EAX]
    22 0000000B 69 D2 00000198                  	IMUL	EDX,EDX,408
    23 00000011 8D 44 02 08                     	LEA	EAX,DWORD [8+EDX+EAX*1]
    24 00000015 8B 50 04                        	MOV	EDX,DWORD [4+EAX]
    25 00000018 8B 44 90 08                     	MOV	EAX,DWORD [8+EAX+EDX*4]
    26 0000001C C3                              	RET
    27 0000001D                                 	GLOBAL	_task_add
    28 0000001D                                 _task_add:
    29 0000001D 55                              	PUSH	EBP
    30 0000001E 89 E5                           	MOV	EBP,ESP
    31 00000020 8B 4D 08                        	MOV	ECX,DWORD [8+EBP]
    32 00000023 8B 51 08                        	MOV	EDX,DWORD [8+ECX]
    33 00000026 69 D2 00000198                  	IMUL	EDX,EDX,408
    34 0000002C 03 15 [00000000]                	ADD	EDX,DWORD [_taskctl]
    35 00000032 8B 42 08                        	MOV	EAX,DWORD [8+EDX]
    36 00000035 89 4C 82 10                     	MOV	DWORD [16+EDX+EAX*4],ECX
    37 00000039 40                              	INC	EAX
    38 0000003A 89 42 08                        	MOV	DWORD [8+EDX],EAX
    39 0000003D C7 41 04 00000002               	MOV	DWORD [4+ECX],2
    40 00000044 5D                              	POP	EBP
    41 00000045 C3                              	RET
    42 00000046                                 	GLOBAL	_task_remove
    43 00000046                                 _task_remove:
    44 00000046 55                              	PUSH	EBP
    45 00000047 31 C9                           	XOR	ECX,ECX
    46 00000049 89 E5                           	MOV	EBP,ESP
    47 0000004B 53                              	PUSH	EBX
    48 0000004C 8B 5D 08                        	MOV	EBX,DWORD [8+EBP]
    49 0000004F 8B 43 08                        	MOV	EAX,DWORD [8+EBX]
    50 00000052 69 C0 00000198                  	IMUL	EAX,EAX,408
    51 00000058 03 05 [00000000]                	ADD	EAX,DWORD [_taskctl]
    52 0000005E 8D 50 08                        	LEA	EDX,DWORD [8+EAX]
    53 00000061 3B 48 08                        	CMP	ECX,DWORD [8+EAX]
    54 00000064 7D 0B                           	JGE	L5
    55 00000066                                 L9:
    56 00000066 39 5C 8A 08                     	CMP	DWORD [8+EDX+ECX*4],EBX
    57 0000006A 74 05                           	JE	L5
    58 0000006C 41                              	INC	ECX
    59 0000006D 3B 0A                           	CMP	ECX,DWORD [EDX]
    60 0000006F 7C F5                           	JL	L9
    61 00000071                                 L5:
    62 00000071 8B 42 04                        	MOV	EAX,DWORD [4+EDX]
    63 00000074 FF 0A                           	DEC	DWORD [EDX]
    64 00000076 39 C1                           	CMP	ECX,EAX
    65 00000078 7D 04                           	JGE	L10
    66 0000007A 48                              	DEC	EAX
    67 0000007B 89 42 04                        	MOV	DWORD [4+EDX],EAX
    68 0000007E                                 L10:
    69 0000007E 8B 02                           	MOV	EAX,DWORD [EDX]
    70 00000080 39 42 04                        	CMP	DWORD [4+EDX],EAX
    71 00000083 7C 07                           	JL	L11
    72 00000085 C7 42 04 00000000               	MOV	DWORD [4+EDX],0
    73 0000008C                                 L11:
    74 0000008C C7 43 04 00000001               	MOV	DWORD [4+EBX],1
    75 00000093 8B 1A                           	MOV	EBX,DWORD [EDX]
    76 00000095 39 D9                           	CMP	ECX,EBX
    77 00000097 7D 0D                           	JGE	L19
    78 00000099                                 L16:
    79 00000099 8B 44 8A 0C                     	MOV	EAX,DWORD [12+EDX+ECX*4]
    80 0000009D 89 44 8A 08                     	MOV	DWORD [8+EDX+ECX*4],EAX
    81 000000A1 41                              	INC	ECX
    82 000000A2 39 D9                           	CMP	ECX,EBX
    83 000000A4 7C F3                           	JL	L16
    84 000000A6                                 L19:
    85 000000A6 5B                              	POP	EBX
    86 000000A7 5D                              	POP	EBP
    87 000000A8 C3                              	RET
    88 000000A9                                 	GLOBAL	_task_switchsub
    89 000000A9                                 _task_switchsub:
    90 000000A9 55                              	PUSH	EBP
    91 000000AA 31 C9                           	XOR	ECX,ECX
    92 000000AC 89 E5                           	MOV	EBP,ESP
    93 000000AE A1 [00000000]                   	MOV	EAX,DWORD [_taskctl]
    94 000000B3 31 D2                           	XOR	EDX,EDX
    95 000000B5                                 L26:
    96 000000B5 83 7C 10 08 00                  	CMP	DWORD [8+EAX+EDX*1],0
    97 000000BA 7F 0C                           	JG	L22
    98 000000BC 41                              	INC	ECX
    99 000000BD 81 C2 00000198                  	ADD	EDX,408
   100 000000C3 83 F9 09                        	CMP	ECX,9
   101 000000C6 7E ED                           	JLE	L26
   102 000000C8                                 L22:
   103 000000C8 89 08                           	MOV	DWORD [EAX],ECX
   104 000000CA C6 40 04 00                     	MOV	BYTE [4+EAX],0
   105 000000CE 5D                              	POP	EBP
   106 000000CF C3                              	RET
   107 000000D0                                 	GLOBAL	_task_idle
   108 000000D0                                 _task_idle:
   109 000000D0 55                              	PUSH	EBP
   110 000000D1 89 E5                           	MOV	EBP,ESP
   111 000000D3                                 L29:
   112 000000D3 E8 [00000000]                   	CALL	_io_hlt
   113 000000D8 EB F9                           	JMP	L29
   114 000000DA                                 	GLOBAL	_task_init
   115 000000DA                                 _task_init:
   116 000000DA 55                              	PUSH	EBP
   117 000000DB 89 E5                           	MOV	EBP,ESP
   118 000000DD 57                              	PUSH	EDI
   119 000000DE 56                              	PUSH	ESI
   120 000000DF 31 FF                           	XOR	EDI,EDI
   121 000000E1 53                              	PUSH	EBX
   122 000000E2 31 F6                           	XOR	ESI,ESI
   123 000000E4 68 00033C78                     	PUSH	212088
   124 000000E9 BB 000003E7                     	MOV	EBX,999
   125 000000EE FF 75 08                        	PUSH	DWORD [8+EBP]
   126 000000F1 E8 [00000000]                   	CALL	_memman_alloc_4k
   127 000000F6 A3 [00000000]                   	MOV	DWORD [_taskctl],EAX
   128 000000FB 58                              	POP	EAX
   129 000000FC 5A                              	POP	EDX
   130 000000FD                                 L37:
   131 000000FD 89 FA                           	MOV	EDX,EDI
   132 000000FF 8D 46 18                        	LEA	EAX,DWORD [24+ESI]
   133 00000102 03 15 [00000000]                	ADD	EDX,DWORD [_taskctl]
   134 00000108 89 82 00000FF8                  	MOV	DWORD [4088+EDX],EAX
   135 0000010E 8D 86 00001F58                  	LEA	EAX,DWORD [8024+ESI]
   136 00000114 89 82 00001084                  	MOV	DWORD [4228+EDX],EAX
   137 0000011A 8D 86 00270018                  	LEA	EAX,DWORD [2555928+ESI]
   138 00000120 C7 82 00000FFC 00000000         	MOV	DWORD [4092+EDX],0
   139 0000012A 68 00000089                     	PUSH	137
   140 0000012F 81 C2 00001024                  	ADD	EDX,4132
   141 00000135 52                              	PUSH	EDX
   142 00000136 6A 67                           	PUSH	103
   143 00000138 50                              	PUSH	EAX
   144 00000139 E8 [00000000]                   	CALL	_set_segmdesc
   145 0000013E A1 [00000000]                   	MOV	EAX,DWORD [_taskctl]
   146 00000143 01 F8                           	ADD	EAX,EDI
   147 00000145 68 00000082                     	PUSH	130
   148 0000014A 05 0000108C                     	ADD	EAX,4236
   149 0000014F 81 C7 000000D0                  	ADD	EDI,208
   150 00000155 50                              	PUSH	EAX
   151 00000156 8D 86 00271F58                  	LEA	EAX,DWORD [2563928+ESI]
   152 0000015C 6A 1F                           	PUSH	31
   153 0000015E 83 C6 08                        	ADD	ESI,8
   154 00000161 50                              	PUSH	EAX
   155 00000162 E8 [00000000]                   	CALL	_set_segmdesc
   156 00000167 83 C4 20                        	ADD	ESP,32
   157 0000016A 4B                              	DEC	EBX
   158 0000016B 79 90                           	JNS	L37
   159 0000016D 8B 0D [00000000]                	MOV	ECX,DWORD [_taskctl]
   160 00000173 31 D2                           	XOR	EDX,EDX
   161 00000175 BB 00000009                     	MOV	EBX,9
   162 0000017A                                 L42:
   163 0000017A 8D 04 11                        	LEA	EAX,DWORD [ECX+EDX*1]
   164 0000017D 81 C2 00000198                  	ADD	EDX,408
   165 00000183 4B                              	DEC	EBX
   166 00000184 C7 40 08 00000000               	MOV	DWORD [8+EAX],0
   167 0000018B C7 40 0C 00000000               	MOV	DWORD [12+EAX],0
   168 00000192 79 E6                           	JNS	L42
   169 00000194 E8 000000A6                     	CALL	_task_alloc
   170 00000199 89 C6                           	MOV	ESI,EAX
   171 0000019B C7 40 04 00000002               	MOV	DWORD [4+EAX],2
   172 000001A2 C7 40 0C 00000002               	MOV	DWORD [12+EAX],2
   173 000001A9 C7 40 08 00000000               	MOV	DWORD [8+EAX],0
   174 000001B0 50                              	PUSH	EAX
   175 000001B1 E8 FFFFFE67                     	CALL	_task_add
   176 000001B6 E8 FFFFFEEE                     	CALL	_task_switchsub
   177 000001BB FF 36                           	PUSH	DWORD [ESI]
   178 000001BD E8 [00000000]                   	CALL	_load_tr
   179 000001C2 E8 [00000000]                   	CALL	_timer_alloc
   180 000001C7 FF 76 0C                        	PUSH	DWORD [12+ESI]
   181 000001CA 50                              	PUSH	EAX
   182 000001CB A3 [00000004]                   	MOV	DWORD [_task_timer],EAX
   183 000001D0 E8 [00000000]                   	CALL	_timer_settime
   184 000001D5 E8 00000065                     	CALL	_task_alloc
   185 000001DA 68 00010000                     	PUSH	65536
   186 000001DF FF 75 08                        	PUSH	DWORD [8+EBP]
   187 000001E2 89 C3                           	MOV	EBX,EAX
   188 000001E4 E8 [00000000]                   	CALL	_memman_alloc_4k
   189 000001E9 05 00010000                     	ADD	EAX,65536
   190 000001EE 89 43 64                        	MOV	DWORD [100+EBX],EAX
   191 000001F1 C7 43 4C [000000D0]             	MOV	DWORD [76+EBX],_task_idle
   192 000001F8 C7 43 74 00000008               	MOV	DWORD [116+EBX],8
   193 000001FF C7 43 78 00000010               	MOV	DWORD [120+EBX],16
   194 00000206 C7 43 7C 00000008               	MOV	DWORD [124+EBX],8
   195 0000020D C7 83 00000080 00000008         	MOV	DWORD [128+EBX],8
   196 00000217 C7 83 00000084 00000008         	MOV	DWORD [132+EBX],8
   197 00000221 C7 83 00000088 00000008         	MOV	DWORD [136+EBX],8
   198 0000022B 6A 01                           	PUSH	1
   199 0000022D 6A 09                           	PUSH	9
   200 0000022F 53                              	PUSH	EBX
   201 00000230 E8 000000BB                     	CALL	_task_run
   202 00000235 8D 65 F4                        	LEA	ESP,DWORD [-12+EBP]
   203 00000238 5B                              	POP	EBX
   204 00000239 89 F0                           	MOV	EAX,ESI
   205 0000023B 5E                              	POP	ESI
   206 0000023C 5F                              	POP	EDI
   207 0000023D 5D                              	POP	EBP
   208 0000023E C3                              	RET
   209 0000023F                                 	GLOBAL	_task_alloc
   210 0000023F                                 _task_alloc:
   211 0000023F 55                              	PUSH	EBP
   212 00000240 31 C9                           	XOR	ECX,ECX
   213 00000242 89 E5                           	MOV	EBP,ESP
   214 00000244 31 D2                           	XOR	EDX,EDX
   215 00000246                                 L53:
   216 00000246 89 D0                           	MOV	EAX,EDX
   217 00000248 03 05 [00000000]                	ADD	EAX,DWORD [_taskctl]
   218 0000024E 83 B8 00000FFC 00               	CMP	DWORD [4092+EAX],0
   219 00000255 74 13                           	JE	L56
   220 00000257 41                              	INC	ECX
   221 00000258 81 C2 000000D0                  	ADD	EDX,208
   222 0000025E 81 F9 000003E7                  	CMP	ECX,999
   223 00000264 7E E0                           	JLE	L53
   224 00000266 31 C0                           	XOR	EAX,EAX
   225 00000268                                 L47:
   226 00000268 5D                              	POP	EBP
   227 00000269 C3                              	RET
   228 0000026A                                 L56:
   229 0000026A 05 00000FF8                     	ADD	EAX,4088
   230 0000026F C7 40 04 00000001               	MOV	DWORD [4+EAX],1
   231 00000276 C7 40 50 00000202               	MOV	DWORD [80+EAX],514
   232 0000027D C7 40 54 00000000               	MOV	DWORD [84+EAX],0
   233 00000284 C7 40 58 00000000               	MOV	DWORD [88+EAX],0
   234 0000028B C7 40 5C 00000000               	MOV	DWORD [92+EAX],0
   235 00000292 C7 40 60 00000000               	MOV	DWORD [96+EAX],0
   236 00000299 C7 40 68 00000000               	MOV	DWORD [104+EAX],0
   237 000002A0 C7 40 6C 00000000               	MOV	DWORD [108+EAX],0
   238 000002A7 C7 40 70 00000000               	MOV	DWORD [112+EAX],0
   239 000002AE C7 40 74 00000000               	MOV	DWORD [116+EAX],0
   240 000002B5 C7 80 00000080 00000000         	MOV	DWORD [128+EAX],0
   241 000002BF C7 80 00000084 00000000         	MOV	DWORD [132+EAX],0
   242 000002C9 C7 80 00000088 00000000         	MOV	DWORD [136+EAX],0
   243 000002D3 C7 80 00000090 40000000         	MOV	DWORD [144+EAX],1073741824
   244 000002DD C7 40 34 00000000               	MOV	DWORD [52+EAX],0
   245 000002E4 C7 40 48 00268000               	MOV	DWORD [72+EAX],2523136
   246 000002EB E9 FFFFFF78                     	JMP	L47
   247 000002F0                                 	GLOBAL	_task_run
   248 000002F0                                 _task_run:
   249 000002F0 55                              	PUSH	EBP
   250 000002F1 89 E5                           	MOV	EBP,ESP
   251 000002F3 56                              	PUSH	ESI
   252 000002F4 53                              	PUSH	EBX
   253 000002F5 8B 75 0C                        	MOV	ESI,DWORD [12+EBP]
   254 000002F8 8B 45 10                        	MOV	EAX,DWORD [16+EBP]
   255 000002FB 8B 5D 08                        	MOV	EBX,DWORD [8+EBP]
   256 000002FE 85 F6                           	TEST	ESI,ESI
   257 00000300 78 3B                           	JS	L62
   258 00000302                                 L58:
   259 00000302 85 C0                           	TEST	EAX,EAX
   260 00000304 7E 03                           	JLE	L59
   261 00000306 89 43 0C                        	MOV	DWORD [12+EBX],EAX
   262 00000309                                 L59:
   263 00000309 83 7B 04 02                     	CMP	DWORD [4+EBX],2
   264 0000030D 74 20                           	JE	L63
   265 0000030F                                 L60:
   266 0000030F 83 7B 04 02                     	CMP	DWORD [4+EBX],2
   267 00000313 74 0A                           	JE	L61
   268 00000315 89 73 08                        	MOV	DWORD [8+EBX],ESI
   269 00000318 53                              	PUSH	EBX
   270 00000319 E8 FFFFFCFF                     	CALL	_task_add
   271 0000031E 59                              	POP	ECX
   272 0000031F                                 L61:
   273 0000031F A1 [00000000]                   	MOV	EAX,DWORD [_taskctl]
   274 00000324 C6 40 04 01                     	MOV	BYTE [4+EAX],1
   275 00000328 8D 65 F8                        	LEA	ESP,DWORD [-8+EBP]
   276 0000032B 5B                              	POP	EBX
   277 0000032C 5E                              	POP	ESI
   278 0000032D 5D                              	POP	EBP
   279 0000032E C3                              	RET
   280 0000032F                                 L63:
   281 0000032F 39 73 08                        	CMP	DWORD [8+EBX],ESI
   282 00000332 74 DB                           	JE	L60
   283 00000334 53                              	PUSH	EBX
   284 00000335 E8 FFFFFD0C                     	CALL	_task_remove
   285 0000033A 58                              	POP	EAX
   286 0000033B EB D2                           	JMP	L60
   287 0000033D                                 L62:
   288 0000033D 8B 73 08                        	MOV	ESI,DWORD [8+EBX]
   289 00000340 EB C0                           	JMP	L58
   290 00000342                                 	GLOBAL	_task_sleep
   291 00000342                                 _task_sleep:
   292 00000342 55                              	PUSH	EBP
   293 00000343 89 E5                           	MOV	EBP,ESP
   294 00000345 56                              	PUSH	ESI
   295 00000346 53                              	PUSH	EBX
   296 00000347 8B 75 08                        	MOV	ESI,DWORD [8+EBP]
   297 0000034A 83 7E 04 02                     	CMP	DWORD [4+ESI],2
   298 0000034E 74 07                           	JE	L67
   299 00000350                                 L64:
   300 00000350 8D 65 F8                        	LEA	ESP,DWORD [-8+EBP]
   301 00000353 5B                              	POP	EBX
   302 00000354 5E                              	POP	ESI
   303 00000355 5D                              	POP	EBP
   304 00000356 C3                              	RET
   305 00000357                                 L67:
   306 00000357 E8 FFFFFCA4                     	CALL	_task_now
   307 0000035C 56                              	PUSH	ESI
   308 0000035D 89 C3                           	MOV	EBX,EAX
   309 0000035F E8 FFFFFCE2                     	CALL	_task_remove
   310 00000364 59                              	POP	ECX
   311 00000365 39 DE                           	CMP	ESI,EBX
   312 00000367 75 E7                           	JNE	L64
   313 00000369 E8 FFFFFD3B                     	CALL	_task_switchsub
   314 0000036E E8 FFFFFC8D                     	CALL	_task_now
   315 00000373 FF 30                           	PUSH	DWORD [EAX]
   316 00000375 6A 00                           	PUSH	0
   317 00000377 E8 [00000000]                   	CALL	_farjmp
   318 0000037C 58                              	POP	EAX
   319 0000037D 5A                              	POP	EDX
   320 0000037E EB D0                           	JMP	L64
   321 00000380                                 	GLOBAL	_task_switch
   322 00000380                                 _task_switch:
   323 00000380 55                              	PUSH	EBP
   324 00000381 89 E5                           	MOV	EBP,ESP
   325 00000383 56                              	PUSH	ESI
   326 00000384 53                              	PUSH	EBX
   327 00000385 8B 1D [00000000]                	MOV	EBX,DWORD [_taskctl]
   328 0000038B 8B 13                           	MOV	EDX,DWORD [EBX]
   329 0000038D 69 D2 00000198                  	IMUL	EDX,EDX,408
   330 00000393 8D 14 1A                        	LEA	EDX,DWORD [EDX+EBX*1]
   331 00000396 8D 4A 08                        	LEA	ECX,DWORD [8+EDX]
   332 00000399 8B 41 04                        	MOV	EAX,DWORD [4+ECX]
   333 0000039C 8B 74 81 08                     	MOV	ESI,DWORD [8+ECX+EAX*4]
   334 000003A0 40                              	INC	EAX
   335 000003A1 89 41 04                        	MOV	DWORD [4+ECX],EAX
   336 000003A4 3B 42 08                        	CMP	EAX,DWORD [8+EDX]
   337 000003A7 74 4C                           	JE	L72
   338 000003A9                                 L69:
   339 000003A9 80 7B 04 00                     	CMP	BYTE [4+EBX],0
   340 000003AD 75 2D                           	JNE	L73
   341 000003AF                                 L70:
   342 000003AF 8B 41 04                        	MOV	EAX,DWORD [4+ECX]
   343 000003B2 8B 5C 81 08                     	MOV	EBX,DWORD [8+ECX+EAX*4]
   344 000003B6 FF 73 0C                        	PUSH	DWORD [12+EBX]
   345 000003B9 FF 35 [00000004]                	PUSH	DWORD [_task_timer]
   346 000003BF E8 [00000000]                   	CALL	_timer_settime
   347 000003C4 39 F3                           	CMP	EBX,ESI
   348 000003C6 58                              	POP	EAX
   349 000003C7 5A                              	POP	EDX
   350 000003C8 74 0B                           	JE	L68
   351 000003CA FF 33                           	PUSH	DWORD [EBX]
   352 000003CC 6A 00                           	PUSH	0
   353 000003CE E8 [00000000]                   	CALL	_farjmp
   354 000003D3 5B                              	POP	EBX
   355 000003D4 5E                              	POP	ESI
   356 000003D5                                 L68:
   357 000003D5 8D 65 F8                        	LEA	ESP,DWORD [-8+EBP]
   358 000003D8 5B                              	POP	EBX
   359 000003D9 5E                              	POP	ESI
   360 000003DA 5D                              	POP	EBP
   361 000003DB C3                              	RET
   362 000003DC                                 L73:
   363 000003DC E8 FFFFFCC8                     	CALL	_task_switchsub
   364 000003E1 8B 15 [00000000]                	MOV	EDX,DWORD [_taskctl]
   365 000003E7 8B 02                           	MOV	EAX,DWORD [EDX]
   366 000003E9 69 C0 00000198                  	IMUL	EAX,EAX,408
   367 000003EF 8D 4C 10 08                     	LEA	ECX,DWORD [8+EAX+EDX*1]
   368 000003F3 EB BA                           	JMP	L70
   369 000003F5                                 L72:
   370 000003F5 C7 41 04 00000000               	MOV	DWORD [4+ECX],0
   371 000003FC EB AB                           	JMP	L69
   372 000003FE                                 	GLOBAL	_taskctl
   373                                          [SECTION .data]
   374 00000000                                 	ALIGNB	4
   375 00000000                                 _taskctl:
   376 00000000 00 00 00 00                     	RESB	4
   377 00000004                                 	GLOBAL	_task_timer
   378                                          [SECTION .data]
   379 00000004                                 	ALIGNB	4
   380 00000004                                 _task_timer:
   381 00000004 00 00 00 00                     	RESB	4
