
Discarded input sections

 .rdata$.refptr.taskctl
                0x0000000000000000       0x10 console.obj
 .rdata$.refptr.buff
                0x0000000000000000       0x10 console.obj
 .rdata$.refptr.ahci_table_addr
                0x0000000000000000       0x10 file.obj
 .rdata$.refptr.ahci_table_addr
                0x0000000000000000       0x10 dmg.obj
 .rdata$.refptr.buff
                0x0000000000000000       0x10 ahci.obj
 .rdata$.refptr.buff
                0x0000000000000000       0x10 pcie.obj

Memory Configuration

Name             Origin             Length             Attributes
*default*        0x0000000000000000 0xffffffffffffffff

Linker script and memory map

                0x0000000256390000                __image_base__ = 0x256390000
                0x0000000000000000                __dll__ = 0x0
                0x0000000256390000                __ImageBase = 0x256390000
                0x0000000000001000                __section_alignment__ = 0x1000
                0x0000000000000200                __file_alignment__ = 0x200
                0x0000000000000004                __major_os_version__ = 0x4
                0x0000000000000000                __minor_os_version__ = 0x0
                0x0000000000000000                __major_image_version__ = 0x0
                0x0000000000000000                __minor_image_version__ = 0x0
                0x0000000000000005                __major_subsystem_version__ = 0x5
                0x0000000000000002                __minor_subsystem_version__ = 0x2
                0x000000000000000a                __subsystem__ = 0xa
                0x0000000000200000                __size_of_stack_reserve__ = 0x200000
                0x0000000000001000                __size_of_stack_commit__ = 0x1000
                0x0000000000100000                __size_of_heap_reserve__ = 0x100000
                0x0000000000001000                __size_of_heap_commit__ = 0x1000
                0x0000000000000000                __loader_flags__ = 0x0
                0x0000000000000160                __dll_characteristics__ = 0x160
LOAD bootpack.obj
LOAD naskfunc.obj
LOAD hankaku.obj
LOAD graphic.obj
LOAD dsctbl.obj
LOAD int.obj
LOAD fifo.obj
LOAD keyboard.obj
LOAD mouse.obj
LOAD memory.obj
LOAD sheet.obj
LOAD timer.obj
LOAD mtask.obj
LOAD window.obj
LOAD console.obj
LOAD file.obj
LOAD tek.obj
LOAD dav.obj
LOAD desktop.obj
LOAD view.obj
LOAD system.obj
LOAD acpi.obj
LOAD bmp.obj
LOAD dmg.obj
LOAD drvier.obj
LOAD fifo_mouse.obj
LOAD com.obj
LOAD vmx.obj
LOAD ahci.obj
LOAD pcie.obj
LOAD sse.obj
LOAD sprintf.obj
LOAD memory_disk_sync.obj
LOAD fat32.obj
LOAD font.obj
LOAD efi.obj
LOAD cache.obj
LOAD systemtable.obj
LOAD stdfunc.obj
LOAD sqlite_os.obj
LOAD sqlite3.obj
                0x00000000000002a0                . = SIZEOF_HEADERS
                0x0000000000001000                . = ALIGN (__section_alignment__)

.text           0x0000000256391000   0x118c00
 *(SORT_NONE(.init))
 *(.text)
 .text          0x0000000256391000     0x2e40 bootpack.obj
                0x0000000256391000                change_xy_mode
                0x000000025639148b                init_memman
                0x00000002563917ea                set_vram
                0x0000000256391830                ExitBootServer
                0x00000002563918e1                HariMain
                0x00000002563935b8                get_a_key
                0x0000000256393602                keywin_off
                0x000000025639364d                keywin_on
                0x0000000256393698                open_constask
                0x0000000256393a56                open_console
                0x0000000256393b88                close_constask
                0x0000000256393cfe                close_console
                0x0000000256393db0                top_bar_task
                0x0000000256393e1a                get_sys_table_addr
                0x0000000256393e22                get_var_guid
                0x0000000256393e2a                get_this
 .text          0x0000000256393e40      0x7a8 naskfunc.obj
                0x0000000256393e40                io_hlt
                0x0000000256393e42                io_cli
                0x0000000256393e44                io_sti
                0x0000000256393e46                io_stihlt
                0x0000000256393e49                io_in8
                0x0000000256393e4f                io_in16
                0x0000000256393e56                io_in32
                0x0000000256393e5a                io_out8
                0x0000000256393e60                io_out16
                0x0000000256393e67                io_out32
                0x0000000256393e6d                io_load_eflags
                0x0000000256393e70                io_store_eflags
                0x0000000256393e73                load_gdtr
                0x0000000256393e91                load_idtr
                0x0000000256393e9d                load_cr0
                0x0000000256393ea1                store_cr0
                0x0000000256393ea5                load_cr3
                0x0000000256393ea9                store_cr3
                0x0000000256393ead                load_tr
                0x0000000256393eb1                load_cr4
                0x0000000256393eb5                store_cr4
                0x0000000256393eb9                asm_inthandler20
                0x0000000256393f09                asm_inthandler21
                0x0000000256393f59                asm_inthandler2c
                0x0000000256393fa6                asm_inthandler34
                0x0000000256393ff3                asm_inthandler0c
                0x000000025639404c                asm_inthandler0d
                0x00000002563940a5                asm_inthandler0e
                0x0000000256394103                memtest_sub
                0x000000025639414d                farjmp
                0x0000000256394153                farcall
                0x0000000256394159                asm_hrb_api
                0x0000000256394194                asm_end_app
                0x00000002563941a8                start_app
                0x00000002563941d5                asm_strcmp
                0x00000002563941eb                asm_strcpy
                0x000000025639420b                asm_memcmp
                0x0000000256394227                asm_memcpy
                0x0000000256394237                asm_memset
                0x000000025639424f                support_apic
                0x0000000256394264                io_rdmsr
                0x000000025639426e                io_wrmsr
                0x0000000256394274                test2
                0x0000000256394287                get_lock
                0x0000000256394291                store_gdt
                0x0000000256394295                store_idt
                0x0000000256394299                sys_reboot
                0x00000002563942aa                sys_call
                0x00000002563942ac                test3
                0x00000002563942cb                rdrand
                0x00000002563942fb                sys_nop
                0x00000002563942fd                asm_sse_strcmp
                0x00000002563943cf                asm_task_switch32
                0x0000000256394454                asm_vmptrld
                0x0000000256394458                asm_vmptrst
                0x000000025639445c                asm_vmclear
                0x0000000256394461                asm_vmread
                0x0000000256394465                asm_vmwrite
                0x0000000256394469                asm_vmxon
                0x000000025639446d                asm_x64_cs_init
                0x000000025639446f                asm_get_cs
                0x0000000256394472                asm_vmlaunch
                0x0000000256394476                asm_vmresume
                0x000000025639447a                asm_sheet_refreshsub32
                0x00000002563945d9                asm_console_task_start_64
 *fill*         0x00000002563945e8        0x8 
 .text          0x00000002563945f0     0x1590 graphic.obj
                0x00000002563945f0                i915_init
                0x0000000256394630                init_palette
                0x00000002563947da                set_palette
                0x0000000256394892                boxfill8
                0x0000000256394903                boxfill32
                0x0000000256394979                init_screen8
                0x0000000256394a94                init_screen32
                0x0000000256394baf                putfont8
                0x0000000256394d05                putfont32
                0x0000000256394e53                putfonts8_asc
                0x000000025639534d                putfonts32_asc
                0x00000002563957fc                init_mouse_cursor8
                0x0000000256395912                init_mouse_cursor32
                0x0000000256395a46                putblock8_8
                0x0000000256395adb                putblock8_32
 .text          0x0000000256395b80      0x400 dsctbl.obj
                0x0000000256395b80                init_gdtidt
                0x0000000256395e52                set_segmdesc
                0x0000000256395ef8                set_gatedesc
 .text          0x0000000256395f80      0x2b0 int.obj
                0x0000000256395f80                init_pic
                0x000000025639603e                init_apic
                0x00000002563961d2                io_write_io_apic
                0x00000002563961f5                io_ipi_message
 .text          0x0000000256396230      0x200 fifo.obj
                0x0000000256396230                fifo32_init
                0x000000025639629c                fifo32_put
                0x0000000256396380                fifo32_get
                0x0000000256396412                fifo32_status
 .text          0x0000000256396430      0x1b0 keyboard.obj
                0x0000000256396430                inthandler21
                0x0000000256396535                wait_KBC_sendready
                0x000000025639657b                init_keyboard
 .text          0x00000002563965e0      0x6a0 mouse.obj
                0x00000002563965e0                inthandler2c
                0x00000002563966e5                enable_mouse
                0x0000000256396770                mouse_decode
                0x0000000256396a24                mouse_decode_wheel
 .text          0x0000000256396c80     0x27d0 memory.obj
                0x0000000256396c80                memtest
                0x0000000256396d41                memman_init
                0x0000000256396d7b                memman_total
                0x0000000256396dd2                memman_alloc
                0x0000000256396f3e                memman_free
                0x00000002563972e4                memman_get_item
                0x0000000256397348                memman_alloc_4k
                0x0000000256397395                memman_free_4k
                0x00000002563973ed                init_page
                0x00000002563975a5                memmam_link_page_32_m
                0x00000002563976bb                memman_link_page_32
                0x0000000256397771                memman_unlink_page_32
                0x00000002563977fc                pageman_link_page_32_m
                0x00000002563978e8                pageman_link_page_32_mf
                0x00000002563979e7                pageman_link_page_32
                0x0000000256397afb                get_physical_by_linear_32
                0x0000000256397b23                pageman_unlink_page_32_m
                0x0000000256397ca0                pageman_unlink_page_32
                0x0000000256397d40                memman_alloc_page_32
                0x0000000256397dea                memman_alloc_page_64_4k
                0x0000000256397ee5                memman_free_page_64_4k
                0x0000000256397f33                memman_alloc_page_64_4m
                0x000000025639805e                memman_free_page_64_4m
                0x00000002563980f8                memman_free_page_32_m
                0x00000002563981b6                memman_free_page_32
                0x0000000256398258                memman_copy_page_32_m
                0x000000025639837b                inthandler0e
                0x00000002563984d6                memman_link_page_64
                0x00000002563986a4                memman_find_addr_64
                0x00000002563987f9                memman_unlink_page_64
                0x0000000256398b82                memman_link_page_64_4m
                0x0000000256398cf7                memman_link_page_64_m
                0x0000000256398e1b                memman_unlink_page_64_m
                0x0000000256398ecc                pageman_get_physical_address
                0x0000000256398faf                pageman_set
                0x0000000256398fc2                pageman_get
                0x0000000256398fca                EFI_AllocatePool
                0x0000000256399113                EFI_FreePool_set_size
                0x00000002563992cc                EFI_FreePool_get_size
                0x0000000256399384                EFI_FreePool
 .text          0x0000000256399450     0x2790 sheet.obj
                0x0000000256399450                shtctl_init
                0x0000000256399672                sheet_alloc
                0x000000025639976e                sheet_setbuf
                0x00000002563997b5                sheet_refreshmap
                0x0000000256399bb0                sheet_refreshmap32
                0x0000000256399e2f                sheet_refreshsub
                0x000000025639a5dd                sheet_refreshsub24
                0x000000025639aa9f                sheet_refreshsub32
                0x000000025639b226                sheet_updown
                0x000000025639b804                sheet_refresh
                0x000000025639b8be                sheet_refresh_all
                0x000000025639b9cf                sheet_slide
                0x000000025639bb9b                sheet_free
                0x000000025639bbd4                sheet_init4ctl
 .text          0x000000025639bbe0      0xc30 timer.obj
                0x000000025639bbe0                init_pit
                0x000000025639bcb5                init_hpet_timer
                0x000000025639bd74                timer_get_fps
                0x000000025639bd8e                timer_alloc
                0x000000025639be62                timer_free
                0x000000025639be72                timer_init
                0x000000025639be9d                timer_settime
                0x000000025639c05f                inthandler20
                0x000000025639c2eb                inthandler34
                0x000000025639c577                timer_cancel
                0x000000025639c6a7                timer_cancelall
                0x000000025639c769                timer_wait
 .text          0x000000025639c810     0x1330 mtask.obj
                0x000000025639c810                task_ctl_now
                0x000000025639c818                task_now
                0x000000025639c86b                add_child_task
                0x000000025639c92f                find_child_task
                0x000000025639c9ca                unlink_task
                0x000000025639ca70                task_add
                0x000000025639cad9                task_remove
                0x000000025639cbca                task_switchsub
                0x000000025639cc23                task_idle
                0x000000025639cc42                task_init
                0x000000025639d07d                task_alloc
                0x000000025639d2b6                task_get_esp0
                0x000000025639d2cb                task_start
                0x000000025639d4de                task_run
                0x000000025639d579                task_sleep
                0x000000025639d750                task_switch
                0x000000025639d9dd                task_lanch
                0x000000025639d9e3                task_get_index
                0x000000025639d9e5                task_get_msg
                0x000000025639da46                task_send_msg
                0x000000025639dae8                task_msg_init
 .text          0x000000025639db40     0x1410 window.obj
                0x000000025639db40                make_window8
                0x000000025639dda5                make_window32
                0x000000025639e00a                make_wtitle8
                0x000000025639e16b                make_wtitle32
                0x000000025639e2f5                window_init
                0x000000025639e321                putfonts8_asc_sht
                0x000000025639e4ee                putfonts8_asc_sht32
                0x000000025639e6ae                make_textbox8
                0x000000025639e998                make_textbox32
                0x000000025639ec7f                change_wtitle8
                0x000000025639edd1                change_wtitle32
 .text          0x000000025639ef50     0x5630 console.obj
                0x000000025639ef50                _cons_read_file
                0x000000025639f084                console_init
                0x000000025639f61e                console_cleanup
                0x000000025639f8eb                console_task
                0x00000002563a00b2                cons_putchar
                0x00000002563a0240                cons_newline
                0x00000002563a03da                cons_putstr0
                0x00000002563a043b                cons_putstr1
                0x00000002563a049d                cons_sql
                0x00000002563a0760                cons_runcmd
                0x00000002563a0e59                cmd_task
                0x00000002563a10ed                find_intel_gpu
                0x00000002563a1439                cmd_type_file
                0x00000002563a1658                cmd_rdrand
                0x00000002563a16b6                cmd_mem
                0x00000002563a1768                cmd_cls
                0x00000002563a1812                cmd_dir
                0x00000002563a1b9c                cmd_fdir
                0x00000002563a1ec3                cmd_cd
                0x00000002563a214a                cmd_exit
                0x00000002563a2284                cmd_start
                0x00000002563a236d                cmd_ncst
                0x00000002563a2413                cmd_langmode
                0x00000002563a247e                cmd_app
                0x00000002563a2d40                hrb_api
                0x00000002563a41e9                inthandler0c
                0x00000002563a425d                inthandler0d
                0x00000002563a43d0                hrb_api_linewin
                0x00000002563a455c                cons_set_system_task
 .text          0x00000002563a4580      0x960 file.obj
                0x00000002563a4580                _file_dmg_read2
                0x00000002563a4638                _file_read_file
                0x00000002563a47e7                file_readfat
                0x00000002563a48d1                file_loadfile
                0x00000002563a4936                file_search
                0x00000002563a4af2                file_full_search
                0x00000002563a4ca3                file_loadfile2
                0x00000002563a4ea8                task_vfs
 .text          0x00000002563a4ee0     0x2830 tek.obj
                0x00000002563a4f42                tek_getsize
                0x00000002563a4fbe                tek_decomp
 .text          0x00000002563a7710       0x10 dav.obj
                0x00000002563a7710                davctl_init
 .text          0x00000002563a7720      0x550 desktop.obj
                0x00000002563a7720                desktop_start
                0x00000002563a7a10                desktop_task
 .text          0x00000002563a7c70      0x1a0 view.obj
                0x00000002563a7c70                view_init
                0x00000002563a7c87                view_setfunc
                0x00000002563a7ca4                textview_init
                0x00000002563a7cd5                textview_settext
                0x00000002563a7cf2                textview_flush
                0x00000002563a7dc5                view_flush
 .text          0x00000002563a7e10      0x4c0 system.obj
                0x00000002563a7e10                system_start
                0x00000002563a8011                system_mainloop
                0x00000002563a8259                system_task_abort
 .text          0x00000002563a82d0      0x680 acpi.obj
                0x00000002563a82d0                checksum
                0x00000002563a8325                acpi_find_rsdp
                0x00000002563a838d                acpi_find_table
                0x00000002563a840e                init_acpi
                0x00000002563a85b8                acpi_shutdown
                0x00000002563a876d                read_pci_config8
                0x00000002563a87ff                read_pci_config32
                0x00000002563a887d                init_pci
 .text          0x00000002563a8950      0x2e0 bmp.obj
                0x00000002563a8950                write_bmp
 .text          0x00000002563a8c30      0xf80 dmg.obj
                0x00000002563a8c30                dmg_init
                0x00000002563a8c3c                start_task_disk
                0x00000002563a8dfc                dmg_gpt_get_item
                0x00000002563a8e03                dmg_cmp_guid
                0x00000002563a8e47                task_disk
                0x00000002563a9528                _read_file
                0x00000002563a9660                _get_file_number
                0x00000002563a96ed                dmg_read2
                0x00000002563a987f                dmg_read
                0x00000002563a99d5                dmg_write
                0x00000002563a9b04                _dmg_open
                0x00000002563a9b1e                _dmg_read
                0x00000002563a9b37                _dmg_write
                0x00000002563a9b76                _dmg_close
                0x00000002563a9b81                _dmg_seek
 .text          0x00000002563a9bb0      0x610 drvier.obj
                0x00000002563a9bb0                device_init
                0x00000002563a9c7f                device_add
                0x00000002563a9d8b                device_remove
                0x00000002563a9ddc                device_get_list
                0x00000002563a9de4                device_open
                0x00000002563a9ed4                device_read
                0x00000002563a9fcc                device_write
                0x00000002563aa0c4                device_seek
 .text          0x00000002563aa1c0      0x270 fifo_mouse.obj
                0x00000002563aa1c0                fifo_mouse_init
                0x00000002563aa22c                fifo_mouse_put
                0x00000002563aa369                fifo_mouse_get
                0x00000002563aa408                fifo_mouse_status
 .text          0x00000002563aa430      0x100 com.obj
                0x00000002563aa430                com_out_string
 .text          0x00000002563aa530      0x560 vmx.obj
                0x00000002563aa530                read_ia32_vmx_basic
                0x00000002563aa55e                write_ia32_vmx_basic
                0x00000002563aa58c                vmm_init
                0x00000002563aa59f                vmm_task
                0x00000002563aa644                vmx_enable
                0x00000002563aa6df                vmx_vm_alloc
                0x00000002563aa753                vmx_vm_start
                0x00000002563aa861                vmx_exit_handler
 .text          0x00000002563aaa90     0x13f0 ahci.obj
                0x00000002563aaa90                ahci_find_device_in_pcie
                0x00000002563aaad4                ahci_init_all
                0x00000002563aae4d                ahci_software_reset
                0x00000002563aaeb9                ahci_init
                0x00000002563ab753                ahci_make_fis
                0x00000002563ab966                ahci_fis_write_prdt
                0x00000002563ab9db                ahci_fis_send
                0x00000002563abe4e                ahci_get_device_type
 .text          0x00000002563abe80      0x650 pcie.obj
                0x00000002563abe80                pcie_cp
                0x00000002563abefb                pcie_read_config
                0x00000002563abf64                pcie_write_config
                0x00000002563abfd1                pcie_find_dev_by_class
                0x00000002563ac28d                pcie_get_id_by_dev
                0x00000002563ac298                pcie_get_bar_from_device
                0x00000002563ac31c                pcie_get_size_from_bar
                0x00000002563ac404                pcie_get_rcba
                0x00000002563ac44b                pcie_find_capbility_by_id
 .text          0x00000002563ac4d0       0x50 sse.obj
                0x00000002563ac4d0                init_sse42
 .text          0x00000002563ac520     0x1670 sprintf.obj
                0x00000002563ac520                memcmp
                0x00000002563ac5c3                memset
                0x00000002563ac60b                strlen
                0x00000002563ac641                _div
                0x00000002563acc9b                Test_vsprintf8
                0x00000002563ad2ae                Test_vsprintf16
                0x00000002563ad8ec                strcmp
                0x00000002563ad969                strncmp
                0x00000002563ada30                sprintf
                0x00000002563ada95                sprintf16
                0x00000002563adafa                vsprintf
                0x00000002563adb43                vsprintf16
 .text          0x00000002563adb90      0x1c0 memory_disk_sync.obj
                0x00000002563adb90                mem_disk_sync_init
                0x00000002563adc08                mem_disk_sync_init_item
                0x00000002563adc61                mem_disk_sync_to_disk
 .text          0x00000002563add50     0x2470 fat32.obj
                0x00000002563add50                fat32_find_node_from_fat
                0x00000002563addf9                _flush_fat
                0x00000002563adf01                __fat32_read_file_from_cache
                0x00000002563ae37c                fat32_read_file_from_cache
                0x00000002563ae4a5                __fat32_write_file_from_cache
                0x00000002563aeae6                fat32_write_file_from_cache
                0x00000002563af4dc                fat32_fsize
                0x00000002563af57d                __fat32_fsize
                0x00000002563af631                fat32_open_file_from_cache
                0x00000002563af7b8                fat32_delete_file_from_cache
                0x00000002563af878                fat32_create_file_from_cache
                0x00000002563aff21                fat32_init
 .text          0x00000002563b01c0       0x50 font.obj
                0x00000002563b01c0                font_unicode16_to_unicode32
 .text          0x00000002563b0210      0x440 efi.obj
                0x00000002563b0210                get_system_table
                0x00000002563b0255                efi_find
                0x00000002563b0392                efi_load
                0x00000002563b0546                efi_init
 .text          0x00000002563b0650     0x2210 cache.obj
                0x00000002563b0650                insert_sorted
                0x00000002563b0703                insert_sorted_sync
                0x00000002563b07bc                cache_clear
                0x00000002563b07c3                _cache_block_rel
                0x00000002563b0907                cache_read
                0x00000002563b116d                cache_write
                0x00000002563b1a71                cache_sync_ahci
                0x00000002563b21ec                cache_flush_ahci
                0x00000002563b27b1                cache_init
 .text          0x00000002563b2860       0x80 systemtable.obj
                0x00000002563b2860                InitBootServices
                0x00000002563b2883                InitSystemTable
                0x00000002563b28c6                BLONE_ALLOCATE_PAGES
 .text          0x00000002563b28e0      0xec0 stdfunc.obj
                0x00000002563b28e0                memcpy
                0x00000002563b2917                malloc_map_find
                0x00000002563b2999                malloc_page_map_find
                0x00000002563b2a1b                malloc_init
                0x00000002563b2b31                malloc
                0x00000002563b2c8b                free
                0x00000002563b2db6                realloc
                0x00000002563b2ee2                malloc_4k
                0x00000002563b2fe8                realloc_4k
                0x00000002563b30fa                free_4k
                0x00000002563b321d                memchr
                0x00000002563b328e                memmove
                0x00000002563b3344                strspn
                0x00000002563b3478                strchr
                0x00000002563b34e4                strcspn
                0x00000002563b3619                strrchr
                0x00000002563b3691                fabs
                0x00000002563b36cd                printf
                0x00000002563b3750                strnlen
 .text          0x00000002563b37a0      0xa30 sqlite_os.obj
                0x00000002563b37a0                ___chkstk_ms
                0x00000002563b37a2                func_idle
                0x00000002563b37bb                fat32Delete
                0x00000002563b38b8                fat32Access
                0x00000002563b3b45                fat32Truncate
                0x00000002563b3c05                fat32CheckReservedLock
                0x00000002563b3cd4                fat32SectorSize
                0x00000002563b3d1d                fat32DeviceCharacteristics
                0x00000002563b3fc5                myLogCallback
                0x00000002563b3ffa                fat32Randomness
                0x00000002563b40ac                fat32GetLastError
                0x00000002563b415c                sqlite3_os_init
                0x00000002563b41ac                sqlite3_os_end
 .text          0x00000002563b41d0    0xf5940 sqlite3.obj
                0x00000002563b4368                sqlite3_status64
                0x00000002563b444f                sqlite3_status
                0x00000002563b45ab                sqlite3_db_status
                0x00000002563b9507                sqlite3_vfs_find
                0x00000002563b9629                sqlite3_vfs_register
                0x00000002563b96b8                sqlite3_vfs_unregister
                0x00000002563b98cd                sqlite3_release_memory
                0x00000002563b98df                sqlite3_memory_alarm
                0x00000002563b98f4                sqlite3_soft_heap_limit64
                0x00000002563b99d8                sqlite3_soft_heap_limit
                0x00000002563b9a03                sqlite3_hard_heap_limit64
                0x00000002563b9b58                sqlite3_memory_used
                0x00000002563b9b86                sqlite3_memory_highwater
                0x00000002563b9d6b                sqlite3_malloc
                0x00000002563b9da4                sqlite3_malloc64
                0x00000002563b9ef8                sqlite3_msize
                0x00000002563b9f28                sqlite3_free
                0x00000002563ba397                sqlite3_realloc
                0x00000002563ba3db                sqlite3_realloc64
                0x00000002563baf3b                sqlite3_str_vappendf
                0x00000002563bd654                sqlite3_str_appendchar
                0x00000002563bd764                sqlite3_str_append
                0x00000002563bd805                sqlite3_str_appendall
                0x00000002563bd9f6                sqlite3_str_finish
                0x00000002563bda49                sqlite3_str_errcode
                0x00000002563bda69                sqlite3_str_length
                0x00000002563bda85                sqlite3_str_value
                0x00000002563bdac7                sqlite3_str_reset
                0x00000002563bdba2                sqlite3_str_new
                0x00000002563bdcf7                sqlite3_vmprintf
                0x00000002563bdd7d                sqlite3_mprintf
                0x00000002563bddd0                sqlite3_vsnprintf
                0x00000002563bde4c                sqlite3_snprintf
                0x00000002563bdf66                sqlite3_log
                0x00000002563bdfb1                sqlite3_str_appendf
                0x00000002563be6a1                sqlite3_randomness
                0x00000002563bf747                sin
                0x00000002563bf77c                cos
                0x00000002563bf7b1                sqrt
                0x00000002563c0280                sqlite3_stricmp
                0x00000002563c0372                sqlite3_strnicmp
                0x00000002563c4619                sqlite3_serialize
                0x00000002563c4abb                sqlite3_deserialize
                0x00000002563cdae2                sqlite3_database_file_object
                0x00000002563d5864                sqlite3_enable_shared_cache
                0x00000002563ea151                sqlite3_backup_init
                0x00000002563ea5dd                sqlite3_backup_step
                0x00000002563eaf0b                sqlite3_backup_finish
                0x00000002563eb05e                sqlite3_backup_remaining
                0x00000002563eb06c                sqlite3_backup_pagecount
                0x00000002563f5482                sqlite3_expired
                0x00000002563f561f                sqlite3_finalize
                0x00000002563f56dd                sqlite3_reset
                0x00000002563f576e                sqlite3_clear_bindings
                0x00000002563f5818                sqlite3_value_blob
                0x00000002563f58b2                sqlite3_value_bytes
                0x00000002563f58d2                sqlite3_value_bytes16
                0x00000002563f58f2                sqlite3_value_double
                0x00000002563f5917                sqlite3_value_int
                0x00000002563f5932                sqlite3_value_int64
                0x00000002563f594d                sqlite3_value_subtype
                0x00000002563f598d                sqlite3_value_pointer
                0x00000002563f5a00                sqlite3_value_text
                0x00000002563f5a20                sqlite3_value_text16
                0x00000002563f5a40                sqlite3_value_text16be
                0x00000002563f5a60                sqlite3_value_text16le
                0x00000002563f5a80                sqlite3_value_type
                0x00000002563f5aa5                sqlite3_value_encoding
                0x00000002563f5ab7                sqlite3_value_nochange
                0x00000002563f5ad9                sqlite3_value_frombind
                0x00000002563f5af6                sqlite3_value_dup
                0x00000002563f5c24                sqlite3_value_free
                0x00000002563f5d44                sqlite3_result_blob
                0x00000002563f5d89                sqlite3_result_blob64
                0x00000002563f5df9                sqlite3_result_double
                0x00000002563f5e28                sqlite3_result_error
                0x00000002563f5e7b                sqlite3_result_error16
                0x00000002563f5ece                sqlite3_result_int
                0x00000002563f5ef7                sqlite3_result_int64
                0x00000002563f5f20                sqlite3_result_null
                0x00000002563f5f3f                sqlite3_result_pointer
                0x00000002563f5fa4                sqlite3_result_subtype
                0x00000002563f5fe9                sqlite3_result_text
                0x00000002563f602e                sqlite3_result_text64
                0x00000002563f60d5                sqlite3_result_text16
                0x00000002563f611f                sqlite3_result_text16be
                0x00000002563f6169                sqlite3_result_text16le
                0x00000002563f61b3                sqlite3_result_value
                0x00000002563f621c                sqlite3_result_zeroblob
                0x00000002563f624c                sqlite3_result_zeroblob64
                0x00000002563f62b4                sqlite3_result_error_code
                0x00000002563f6327                sqlite3_result_error_toobig
                0x00000002563f636f                sqlite3_result_error_nomem
                0x00000002563f6832                sqlite3_step
                0x00000002563f69aa                sqlite3_user_data
                0x00000002563f69bd                sqlite3_context_db_handle
                0x00000002563f69cf                sqlite3_vtab_nochange
                0x00000002563f6c59                sqlite3_vtab_in_first
                0x00000002563f6c84                sqlite3_vtab_in_next
                0x00000002563f6dbe                sqlite3_aggregate_context
                0x00000002563f6e02                sqlite3_get_auxdata
                0x00000002563f6e79                sqlite3_set_auxdata
                0x00000002563f6fdc                sqlite3_aggregate_count
                0x00000002563f6fee                sqlite3_column_count
                0x00000002563f7024                sqlite3_data_count
                0x00000002563f7150                sqlite3_column_blob
                0x00000002563f7192                sqlite3_column_bytes
                0x00000002563f71d2                sqlite3_column_bytes16
                0x00000002563f7212                sqlite3_column_double
                0x00000002563f7264                sqlite3_column_int
                0x00000002563f72a4                sqlite3_column_int64
                0x00000002563f72e6                sqlite3_column_text
                0x00000002563f7328                sqlite3_column_value
                0x00000002563f73a5                sqlite3_column_text16
                0x00000002563f73e7                sqlite3_column_type
                0x00000002563f762c                sqlite3_column_name
                0x00000002563f765b                sqlite3_column_name16
                0x00000002563f768a                sqlite3_column_decltype
                0x00000002563f76b9                sqlite3_column_decltype16
                0x00000002563f799f                sqlite3_bind_blob
                0x00000002563f79f0                sqlite3_bind_blob64
                0x00000002563f7a39                sqlite3_bind_double
                0x00000002563f7aaf                sqlite3_bind_int
                0x00000002563f7ae1                sqlite3_bind_int64
                0x00000002563f7b51                sqlite3_bind_null
                0x00000002563f7b8b                sqlite3_bind_pointer
                0x00000002563f7c29                sqlite3_bind_text
                0x00000002563f7c7a                sqlite3_bind_text64
                0x00000002563f7ce5                sqlite3_bind_text16
                0x00000002563f7d36                sqlite3_bind_value
                0x00000002563f7ed4                sqlite3_bind_zeroblob
                0x00000002563f7f43                sqlite3_bind_zeroblob64
                0x00000002563f7fc0                sqlite3_bind_parameter_count
                0x00000002563f7ff1                sqlite3_bind_parameter_name
                0x00000002563f8083                sqlite3_bind_parameter_index
                0x00000002563f813f                sqlite3_transfer_bindings
                0x00000002563f81e4                sqlite3_db_handle
                0x00000002563f8200                sqlite3_stmt_readonly
                0x00000002563f8229                sqlite3_stmt_isexplain
                0x00000002563f8252                sqlite3_stmt_explain
                0x00000002563f8403                sqlite3_stmt_busy
                0x00000002563f843f                sqlite3_next_stmt
                0x00000002563f847d                sqlite3_stmt_status
                0x00000002563f8555                sqlite3_sql
                0x00000002563f8588                sqlite3_expanded_sql
                0x00000002563f9061                sqlite3_value_numeric_type
                0x0000000256406748                sqlite3_blob_open
                0x0000000256407039                sqlite3_blob_close
                0x00000002564071f0                sqlite3_blob_read
                0x0000000256407235                sqlite3_blob_write
                0x000000025640727a                sqlite3_blob_bytes
                0x00000002564072b6                sqlite3_blob_reopen
                0x000000025642772e                sqlite3_set_authorizer
                0x000000025643917c                sqlite3_strglob
                0x00000002564391d3                sqlite3_strlike
                0x0000000256446481                sqlite3_exec
                0x0000000256446f74                sqlite3_load_extension
                0x0000000256447044                sqlite3_enable_load_extension
                0x0000000256447092                sqlite3_auto_extension
                0x0000000256447183                sqlite3_cancel_auto_extension
                0x000000025644721c                sqlite3_reset_auto_extension
                0x000000025645041d                sqlite3_prepare
                0x000000025645047f                sqlite3_prepare_v2
                0x00000002564504e1                sqlite3_prepare_v3
                0x00000002564507a4                sqlite3_prepare16
                0x00000002564507fa                sqlite3_prepare16_v2
                0x0000000256450850                sqlite3_prepare16_v3
                0x0000000256463296                sqlite3_get_table
                0x00000002564634e5                sqlite3_free_table
                0x000000025646bf27                sqlite3_create_module
                0x000000025646bf6f                sqlite3_create_module_v2
                0x000000025646bfb2                sqlite3_drop_modules
                0x000000025646d625                sqlite3_declare_vtab
                0x000000025646e704                sqlite3_vtab_on_conflict
                0x000000025646e729                sqlite3_vtab_config
                0x0000000256480d8b                sqlite3_vtab_collation
                0x0000000256480e68                sqlite3_vtab_in
                0x0000000256480f06                sqlite3_vtab_rhs_value
                0x0000000256481057                sqlite3_vtab_distinct
                0x0000000256495c2a                sqlite3_keyword_name
                0x0000000256495c9f                sqlite3_keyword_count
                0x0000000256495ca5                sqlite3_keyword_check
                0x0000000256496fbf                sqlite3_complete
                0x0000000256497463                sqlite3_complete16
                0x0000000256497528                sqlite3_libversion
                0x0000000256497530                sqlite3_libversion_number
                0x0000000256497536                sqlite3_threadsafe
                0x000000025649753c                sqlite3_initialize
                0x00000002564976de                sqlite3_shutdown
                0x0000000256497766                sqlite3_config
                0x00000002564980cb                sqlite3_db_mutex
                0x00000002564980da                sqlite3_db_release_memory
                0x000000025649815d                sqlite3_db_cacheflush
                0x000000025649823c                sqlite3_db_config
                0x0000000256498604                sqlite3_last_insert_rowid
                0x0000000256498613                sqlite3_set_last_insert_rowid
                0x000000025649862d                sqlite3_changes64
                0x000000025649863c                sqlite3_changes
                0x0000000256498657                sqlite3_total_changes64
                0x0000000256498669                sqlite3_total_changes
                0x0000000256498a79                sqlite3_txn_state
                0x0000000256498b45                sqlite3_close
                0x0000000256498b65                sqlite3_close_v2
                0x00000002564992ef                sqlite3_busy_handler
                0x0000000256499344                sqlite3_progress_handler
                0x00000002564993c2                sqlite3_busy_timeout
                0x0000000256499425                sqlite3_interrupt
                0x000000025649943e                sqlite3_is_interrupted
                0x0000000256499a74                sqlite3_create_function
                0x0000000256499b08                sqlite3_create_function_v2
                0x0000000256499ba0                sqlite3_create_window_function
                0x0000000256499c3c                sqlite3_create_function16
                0x0000000256499da2                sqlite3_overload_function
                0x0000000256499e81                sqlite3_trace
                0x0000000256499eed                sqlite3_trace_v2
                0x0000000256499f56                sqlite3_profile
                0x0000000256499fdf                sqlite3_commit_hook
                0x000000025649a02f                sqlite3_update_hook
                0x000000025649a07f                sqlite3_rollback_hook
                0x000000025649a0cf                sqlite3_autovacuum_pages
                0x000000025649a19b                sqlite3_wal_autocheckpoint
                0x000000025649a1f3                sqlite3_wal_hook
                0x000000025649a243                sqlite3_wal_checkpoint_v2
                0x000000025649a38c                sqlite3_wal_checkpoint
                0x000000025649a4be                sqlite3_errmsg
                0x000000025649a572                sqlite3_error_offset
                0x000000025649a5bd                sqlite3_errmsg16
                0x000000025649a68d                sqlite3_errcode
                0x000000025649a6ee                sqlite3_extended_errcode
                0x000000025649a745                sqlite3_system_errno
                0x000000025649a761                sqlite3_errstr
                0x000000025649a9a5                sqlite3_limit
                0x000000025649bc82                sqlite3_open
                0x000000025649bcb3                sqlite3_open_v2
                0x000000025649bcf1                sqlite3_open16
                0x000000025649be1c                sqlite3_create_collation
                0x000000025649be68                sqlite3_create_collation_v2
                0x000000025649bed5                sqlite3_create_collation16
                0x000000025649bf86                sqlite3_collation_needed
                0x000000025649bfcd                sqlite3_collation_needed16
                0x000000025649c014                sqlite3_get_clientdata
                0x000000025649c083                sqlite3_set_clientdata
                0x000000025649c224                sqlite3_global_recover
                0x000000025649c22a                sqlite3_get_autocommit
                0x000000025649c2f2                sqlite3_thread_cleanup
                0x000000025649c2f4                sqlite3_table_column_metadata
                0x000000025649c6ef                sqlite3_sleep
                0x000000025649c75e                sqlite3_extended_result_codes
                0x000000025649c788                sqlite3_file_control
                0x000000025649c959                sqlite3_test_control
                0x000000025649d1b5                sqlite3_create_filename
                0x000000025649d36d                sqlite3_free_filename
                0x000000025649d3a9                sqlite3_uri_parameter
                0x000000025649d3f7                sqlite3_uri_key
                0x000000025649d4b6                sqlite3_uri_boolean
                0x000000025649d518                sqlite3_uri_int64
                0x000000025649d574                sqlite3_filename_database
                0x000000025649d59e                sqlite3_filename_journal
                0x000000025649d631                sqlite3_filename_wal
                0x000000025649d6d5                sqlite3_db_name
                0x000000025649d713                sqlite3_db_filename
                0x000000025649d759                sqlite3_db_readonly
                0x000000025649d79f                sqlite3_compileoption_used
                0x000000025649d87d                sqlite3_compileoption_get
                0x00000002564a9b07                sqlite3_sourceid
 *(SORT_BY_NAME(.text$*))
 *(.text.*)
 *(.gnu.linkonce.t.*)
 *(.glue_7t)
 *(.glue_7)
                0x00000002564a9b10                . = ALIGN (0x8)
                0x00000002564a9b10                ___CTOR_LIST__ = .
                0x00000002564a9b10                __CTOR_LIST__ = .
                0x00000002564a9b10        0x4 LONG 0xffffffffffffffff
                0x00000002564a9b14        0x4 LONG 0xffffffffffffffff
 *(.ctors)
 *(.ctor)
 *(SORT_BY_NAME(.ctors.*))
                0x00000002564a9b18        0x4 LONG 0x0
                0x00000002564a9b1c        0x4 LONG 0x0
                0x00000002564a9b20                ___DTOR_LIST__ = .
                0x00000002564a9b20                __DTOR_LIST__ = .
                0x00000002564a9b20        0x4 LONG 0xffffffffffffffff
                0x00000002564a9b24        0x4 LONG 0xffffffffffffffff
 *(.dtors)
 *(.dtor)
 *(SORT_BY_NAME(.dtors.*))
                0x00000002564a9b28        0x4 LONG 0x0
                0x00000002564a9b2c        0x4 LONG 0x0
 *(SORT_NONE(.fini))
 *(.gcc_exc)
                [!provide]                        PROVIDE (etext = .)
 *(.gcc_except_table)

.data           0x00000002564aa000     0x4800
                0x00000002564aa000                __data_start__ = .
 *(.data)
 .data          0x00000002564aa000      0x1a0 bootpack.obj
                0x00000002564aa000                varGuid
                0x00000002564aa010                gEfiGraphicsOutputProtocolGuid
 .data          0x00000002564aa1a0     0x1000 hankaku.obj
                0x00000002564aa1a0                _hankaku
 .data          0x00000002564ab1a0      0x240 graphic.obj
 .data          0x00000002564ab3e0        0x0 dsctbl.obj
 .data          0x00000002564ab3e0        0x0 int.obj
 .data          0x00000002564ab3e0        0x0 fifo.obj
 .data          0x00000002564ab3e0        0x0 keyboard.obj
 .data          0x00000002564ab3e0        0x0 mouse.obj
 .data          0x00000002564ab3e0       0x60 memory.obj
                0x00000002564ab3e0                inthandler0e_handling_function0
 .data          0x00000002564ab440        0x0 sheet.obj
 .data          0x00000002564ab440        0x0 timer.obj
 .data          0x00000002564ab440        0x0 mtask.obj
 .data          0x00000002564ab440      0x1c0 window.obj
 .data          0x00000002564ab600        0x0 console.obj
 .data          0x00000002564ab600        0x0 file.obj
 .data          0x00000002564ab600       0x80 tek.obj
 .data          0x00000002564ab680        0x0 dav.obj
 .data          0x00000002564ab680        0x0 desktop.obj
 .data          0x00000002564ab680        0x0 view.obj
 .data          0x00000002564ab680        0x0 system.obj
 .data          0x00000002564ab680        0x0 acpi.obj
 .data          0x00000002564ab680        0x0 bmp.obj
 .data          0x00000002564ab680        0x0 dmg.obj
 .data          0x00000002564ab680        0x0 drvier.obj
 .data          0x00000002564ab680        0x0 fifo_mouse.obj
 .data          0x00000002564ab680        0x0 com.obj
 .data          0x00000002564ab680        0x0 vmx.obj
 .data          0x00000002564ab680        0x0 ahci.obj
 .data          0x00000002564ab680        0x0 pcie.obj
 .data          0x00000002564ab680        0x0 sse.obj
 .data          0x00000002564ab680        0x0 sprintf.obj
 .data          0x00000002564ab680        0x0 memory_disk_sync.obj
 .data          0x00000002564ab680        0x0 fat32.obj
 .data          0x00000002564ab680        0x0 font.obj
 .data          0x00000002564ab680        0x0 efi.obj
 .data          0x00000002564ab680        0x0 cache.obj
 .data          0x00000002564ab680        0x0 systemtable.obj
 .data          0x00000002564ab680        0x0 stdfunc.obj
 .data          0x00000002564ab680      0x160 sqlite_os.obj
                0x00000002564ab720                fat32Vfs
 .data          0x00000002564ab7e0     0x2fa0 sqlite3.obj
 *(.data2)
 *(SORT_BY_NAME(.data$*))
 *(.jcr)
                0x00000002564ae780                __data_end__ = .
 *(.data_cygwin_nocopy)

.rdata          0x00000002564af000    0x11e00
 *(.rdata)
 .rdata         0x00000002564af000      0x490 bootpack.obj
 .rdata         0x00000002564af490       0x30 dsctbl.obj
 .rdata         0x00000002564af4c0       0x90 keyboard.obj
 .rdata         0x00000002564af550       0xf0 mouse.obj
 .rdata         0x00000002564af640       0x50 memory.obj
 .rdata         0x00000002564af690       0x40 sheet.obj
 .rdata         0x00000002564af6d0       0xb0 mtask.obj
 .rdata         0x00000002564af780      0x5f0 console.obj
 .rdata         0x00000002564afd70       0x10 desktop.obj
 .rdata         0x00000002564afd80       0x20 acpi.obj
 .rdata         0x00000002564afda0       0x30 dmg.obj
 .rdata         0x00000002564afdd0      0x1a0 vmx.obj
 .rdata         0x00000002564aff70      0x220 ahci.obj
 .rdata         0x00000002564b0190       0xd0 pcie.obj
 .rdata         0x00000002564b0260      0x380 sprintf.obj
 .rdata         0x00000002564b05e0      0x130 fat32.obj
 .rdata         0x00000002564b0710      0x4a0 cache.obj
 .rdata         0x00000002564b0bb0       0x40 stdfunc.obj
 .rdata         0x00000002564b0bf0      0x2f0 sqlite_os.obj
 .rdata         0x00000002564b0ee0     0xf100 sqlite3.obj
                0x00000002564b0ee0                sqlite3_version
 *(SORT_BY_NAME(.rdata$*))
 .rdata$.refptr._hankaku
                0x00000002564bffe0       0x10 graphic.obj
                0x00000002564bffe0                .refptr._hankaku
 .rdata$.refptr.active_sheet_ctl
                0x00000002564bfff0       0x10 window.obj
                0x00000002564bfff0                .refptr.active_sheet_ctl
 .rdata$.refptr.ahci_table_addr
                0x00000002564c0000       0x10 console.obj
                0x00000002564c0000                .refptr.ahci_table_addr
 .rdata$.refptr.asm_console_task_start_64
                0x00000002564c0010       0x10 bootpack.obj
                0x00000002564c0010                .refptr.asm_console_task_start_64
 .rdata$.refptr.asm_hrb_api
                0x00000002564c0020       0x10 dsctbl.obj
                0x00000002564c0020                .refptr.asm_hrb_api
 .rdata$.refptr.asm_inthandler20
                0x00000002564c0030       0x10 dsctbl.obj
                0x00000002564c0030                .refptr.asm_inthandler20
 .rdata$.refptr.asm_inthandler21
                0x00000002564c0040       0x10 dsctbl.obj
                0x00000002564c0040                .refptr.asm_inthandler21
 .rdata$.refptr.asm_inthandler2c
                0x00000002564c0050       0x10 dsctbl.obj
                0x00000002564c0050                .refptr.asm_inthandler2c
 .rdata$.refptr.asm_inthandler34
                0x00000002564c0060       0x10 dsctbl.obj
                0x00000002564c0060                .refptr.asm_inthandler34
 .rdata$.refptr.buff
                0x00000002564c0070       0x10 bootpack.obj
                0x00000002564c0070                .refptr.buff
 .rdata$.refptr.system_task
                0x00000002564c0080       0x10 console.obj
                0x00000002564c0080                .refptr.system_task
 .rdata$.refptr.task_timer
                0x00000002564c0090       0x10 timer.obj
                0x00000002564c0090                .refptr.task_timer
 .rdata$.refptr.taskctl
                0x00000002564c00a0       0x10 bootpack.obj
                0x00000002564c00a0                .refptr.taskctl
 .rdata$.refptr.text_buff
                0x00000002564c00b0       0x10 dmg.obj
                0x00000002564c00b0                .refptr.text_buff
 .rdata$zzz     0x00000002564c00c0       0x50 bootpack.obj
 .rdata$zzz     0x00000002564c0110       0x50 graphic.obj
 .rdata$zzz     0x00000002564c0160       0x50 dsctbl.obj
 .rdata$zzz     0x00000002564c01b0       0x50 int.obj
 .rdata$zzz     0x00000002564c0200       0x50 fifo.obj
 .rdata$zzz     0x00000002564c0250       0x50 keyboard.obj
 .rdata$zzz     0x00000002564c02a0       0x50 mouse.obj
 .rdata$zzz     0x00000002564c02f0       0x50 memory.obj
 .rdata$zzz     0x00000002564c0340       0x50 sheet.obj
 .rdata$zzz     0x00000002564c0390       0x50 timer.obj
 .rdata$zzz     0x00000002564c03e0       0x50 mtask.obj
 .rdata$zzz     0x00000002564c0430       0x50 window.obj
 .rdata$zzz     0x00000002564c0480       0x50 console.obj
 .rdata$zzz     0x00000002564c04d0       0x50 file.obj
 .rdata$zzz     0x00000002564c0520       0x50 tek.obj
 .rdata$zzz     0x00000002564c0570       0x50 dav.obj
 .rdata$zzz     0x00000002564c05c0       0x50 desktop.obj
 .rdata$zzz     0x00000002564c0610       0x50 view.obj
 .rdata$zzz     0x00000002564c0660       0x50 system.obj
 .rdata$zzz     0x00000002564c06b0       0x50 acpi.obj
 .rdata$zzz     0x00000002564c0700       0x50 bmp.obj
 .rdata$zzz     0x00000002564c0750       0x50 dmg.obj
 .rdata$zzz     0x00000002564c07a0       0x50 drvier.obj
 .rdata$zzz     0x00000002564c07f0       0x50 fifo_mouse.obj
 .rdata$zzz     0x00000002564c0840       0x50 com.obj
 .rdata$zzz     0x00000002564c0890       0x50 vmx.obj
 .rdata$zzz     0x00000002564c08e0       0x50 ahci.obj
 .rdata$zzz     0x00000002564c0930       0x50 pcie.obj
 .rdata$zzz     0x00000002564c0980       0x50 sse.obj
 .rdata$zzz     0x00000002564c09d0       0x50 sprintf.obj
 .rdata$zzz     0x00000002564c0a20       0x50 memory_disk_sync.obj
 .rdata$zzz     0x00000002564c0a70       0x50 fat32.obj
 .rdata$zzz     0x00000002564c0ac0       0x50 font.obj
 .rdata$zzz     0x00000002564c0b10       0x50 efi.obj
 .rdata$zzz     0x00000002564c0b60       0x50 cache.obj
 .rdata$zzz     0x00000002564c0bb0       0x50 systemtable.obj
 .rdata$zzz     0x00000002564c0c00       0x50 stdfunc.obj
 .rdata$zzz     0x00000002564c0c50       0x50 sqlite_os.obj
 .rdata$zzz     0x00000002564c0ca0       0x50 sqlite3.obj
                0x00000002564c0cf0                . = ALIGN (0x4)
                0x00000002564c0cf0                __rt_psrelocs_start = .
 *(.rdata_runtime_pseudo_reloc)
                0x00000002564c0cf0                __rt_psrelocs_end = .
                0x0000000000000000                __rt_psrelocs_size = (__rt_psrelocs_end - __rt_psrelocs_start)
                0x00000002564c0cf0                ___RUNTIME_PSEUDO_RELOC_LIST_END__ = .
                0x00000002564c0cf0                __RUNTIME_PSEUDO_RELOC_LIST_END__ = .
                0x00000002564c0cf0                ___RUNTIME_PSEUDO_RELOC_LIST__ = (. - __rt_psrelocs_size)
                0x00000002564c0cf0                __RUNTIME_PSEUDO_RELOC_LIST__ = (. - __rt_psrelocs_size)

.eh_frame
 *(.eh_frame*)

.pdata
 *(.pdata*)

.xdata
 *(.xdata*)

.bss            0x00000002564c1000    0x1f8c0
                0x00000002564c1000                __bss_start__ = .
 *(.bss)
 .bss           0x00000002564c1000       0x70 bootpack.obj
                0x00000002564c1000                Systemtable_base
                0x00000002564c1008                active_sheet_ctl
                0x00000002564c1010                gThis
                0x00000002564c1018                ahci_table_addr
                0x00000002564c1020                BOOTINFO0
                0x00000002564c1038                vram_base
                0x00000002564c1040                db
 .bss           0x00000002564c1070        0x0 graphic.obj
 .bss           0x00000002564c1070        0x0 dsctbl.obj
 .bss           0x00000002564c1070        0x0 int.obj
 .bss           0x00000002564c1070        0x0 fifo.obj
 .bss           0x00000002564c1070       0x10 keyboard.obj
                0x00000002564c1070                keyfifo
                0x00000002564c1078                keydata0
 .bss           0x00000002564c1080       0x10 mouse.obj
 *fill*         0x00000002564c1090       0x10 
 .bss           0x00000002564c10a0       0xa0 memory.obj
                0x00000002564c10a0                buff
                0x00000002564c1120                inthandler0e_handling_function
                0x00000002564c1128                global_pageman_point
                0x00000002564c1130                _EFI_FreePool_table
 .bss           0x00000002564c1140        0x0 sheet.obj
 .bss           0x00000002564c1140    0x1d640 timer.obj
                0x00000002564c1140                timerctl
 .bss           0x00000002564de780       0x20 mtask.obj
                0x00000002564de780                taskctl
                0x00000002564de788                task_timer
                0x00000002564de790                zero_task_lock
                0x00000002564de794                task_ready
 .bss           0x00000002564de7a0        0x0 window.obj
 .bss           0x00000002564de7a0       0x80 console.obj
                0x00000002564de7a0                text_buff
                0x00000002564de808                finfo
 .bss           0x00000002564de820        0x0 file.obj
 .bss           0x00000002564de820       0x10 tek.obj
 .bss           0x00000002564de830        0x0 dav.obj
 .bss           0x00000002564de830        0x0 desktop.obj
 .bss           0x00000002564de830        0x0 view.obj
 *fill*         0x00000002564de830       0x10 
 .bss           0x00000002564de840       0x80 system.obj
                0x00000002564de840                system_running
                0x00000002564de848                system_task_abort_list
                0x00000002564de850                system_task
                0x00000002564de860                sheet_ctls
 .bss           0x00000002564de8c0       0x20 acpi.obj
 .bss           0x00000002564de8e0        0x0 bmp.obj
 .bss           0x00000002564de8e0      0x280 dmg.obj
                0x00000002564de8e0                lock
                0x00000002564de8e4                disk_running
                0x00000002564de8e8                task_disk_p
                0x00000002564de900                ahci_buff
                0x00000002564deb20                dmg_StorageDeviceOperations
                0x00000002564deb48                info
                0x00000002564deb50                dmg_info_num
 .bss           0x00000002564deb60       0x10 drvier.obj
                0x00000002564deb60                List
                0x00000002564deb68                StorageDeviceNumber
 .bss           0x00000002564deb70        0x0 fifo_mouse.obj
 .bss           0x00000002564deb70        0x0 com.obj
 .bss           0x00000002564deb70       0x20 vmx.obj
 *fill*         0x00000002564deb90       0x10 
 .bss           0x00000002564deba0     0x1020 ahci.obj
 .bss           0x00000002564dfbc0        0x0 pcie.obj
 .bss           0x00000002564dfbc0        0x0 sse.obj
 .bss           0x00000002564dfbc0        0x0 sprintf.obj
 .bss           0x00000002564dfbc0       0x10 memory_disk_sync.obj
                0x00000002564dfbc0                ctl
 *fill*         0x00000002564dfbd0       0x10 
 .bss           0x00000002564dfbe0      0x100 fat32.obj
                0x00000002564dfbe0                fis
 .bss           0x00000002564dfce0        0x0 font.obj
 .bss           0x00000002564dfce0      0x2a0 efi.obj
                0x00000002564dfce0                blone_efi_system_table
                0x00000002564dfd60                blone_efi_runtime_services
                0x00000002564dfe00                blone_efi_boot_service
 .bss           0x00000002564dff80      0x240 cache.obj
                0x00000002564dff80                cache_fis
                0x00000002564e0080                cache_fis_data
                0x00000002564e0180                cache_text_buff
 .bss           0x00000002564e01c0      0x2a0 systemtable.obj
                0x00000002564e01c0                GlobalSystemTable
                0x00000002564e0240                GlobalBootServer
                0x00000002564e03c0                GlobalRunTimeServer
 .bss           0x00000002564e0460       0x30 stdfunc.obj
                0x00000002564e0460                malloc_map0
                0x00000002564e0468                malloc_map0_mumber
                0x00000002564e0470                malloc_page_map0
                0x00000002564e0478                malloc_page_map0_mumber
                0x00000002564e0480                page_list_head
 .bss           0x00000002564e0490        0x0 sqlite_os.obj
 *fill*         0x00000002564e0490       0x10 
 .bss           0x00000002564e04a0      0x420 sqlite3.obj
                0x00000002564e04a0                sqlite3_temp_directory
                0x00000002564e04a8                sqlite3_data_directory
 *(COMMON)
                0x00000002564e08c0                __bss_end__ = .

.edata          0x00000002564e1000     0x4c00
 *(.edata)
 .edata         0x00000002564e1000     0x4ae3 dll stuff

/DISCARD/
 *(.debug$S)
 *(.debug$T)
 *(.debug$F)
 *(.drectve)
 *(.note.GNU-stack)
 *(.gnu.lto_*)

.idata          0x00000002564e6000      0x200
 SORT_BY_NAME(*)(.idata$2)
 SORT_BY_NAME(*)(.idata$3)
                0x00000002564e6000        0x4 LONG 0x0
                0x00000002564e6004        0x4 LONG 0x0
                0x00000002564e6008        0x4 LONG 0x0
                0x00000002564e600c        0x4 LONG 0x0
                0x00000002564e6010        0x4 LONG 0x0
 SORT_BY_NAME(*)(.idata$4)
                0x00000002564e6014                __IAT_start__ = .
 SORT_BY_NAME(*)(.idata$5)
                0x00000002564e6014                __IAT_end__ = .
 SORT_BY_NAME(*)(.idata$6)
 SORT_BY_NAME(*)(.idata$7)

.CRT            0x00000002564e7000        0x0
                0x00000002564e7000                ___crt_xc_start__ = .
 *(SORT_BY_NAME(.CRT$XC*))
                0x00000002564e7000                ___crt_xc_end__ = .
                0x00000002564e7000                ___crt_xi_start__ = .
 *(SORT_BY_NAME(.CRT$XI*))
                0x00000002564e7000                ___crt_xi_end__ = .
                0x00000002564e7000                ___crt_xl_start__ = .
 *(SORT_BY_NAME(.CRT$XL*))
                0x00000002564e7000                ___crt_xp_start__ = .
 *(SORT_BY_NAME(.CRT$XP*))
                0x00000002564e7000                ___crt_xp_end__ = .
                0x00000002564e7000                ___crt_xt_start__ = .
 *(SORT_BY_NAME(.CRT$XT*))
                0x00000002564e7000                ___crt_xt_end__ = .

.tls            0x00000002564e7000        0x0
                0x00000002564e7000                ___tls_start__ = .
 *(.tls$AAA)
 *(.tls)
 *(.tls$)
 *(SORT_BY_NAME(.tls$*))
 *(.tls$ZZZ)
                0x00000002564e7000                ___tls_end__ = .

.endjunk        0x00000002564e7000        0x0
                [!provide]                        PROVIDE (end = .)
                [!provide]                        PROVIDE (_end = .)
                0x00000002564e7000                __end__ = .

.rsrc
 *(.rsrc)
 *(.rsrc$*)

.reloc          0x00000002564e7000      0xc00
 *(.reloc)
 .reloc         0x00000002564e7000      0xa4c dll stuff

.stab
 *(.stab)

.stabstr
 *(.stabstr)

.debug_aranges
 *(.debug_aranges)

.zdebug_aranges
 *(.zdebug_aranges)

.debug_pubnames
 *(.debug_pubnames)

.zdebug_pubnames
 *(.zdebug_pubnames)

.debug_info
 *(.debug_info .gnu.linkonce.wi.*)

.zdebug_info
 *(.zdebug_info .zdebug.gnu.linkonce.wi.*)

.debug_abbrev
 *(.debug_abbrev)

.zdebug_abbrev
 *(.zdebug_abbrev)

.debug_line
 *(.debug_line)

.zdebug_line
 *(.zdebug_line)

.debug_frame
 *(.debug_frame*)

.zdebug_frame
 *(.zdebug_frame*)

.debug_str
 *(.debug_str)

.zdebug_str
 *(.zdebug_str)

.debug_loc
 *(.debug_loc)

.zdebug_loc
 *(.zdebug_loc)

.debug_macinfo
 *(.debug_macinfo)

.zdebug_macinfo
 *(.zdebug_macinfo)

.debug_weaknames
 *(.debug_weaknames)

.zdebug_weaknames
 *(.zdebug_weaknames)

.debug_funcnames
 *(.debug_funcnames)

.zdebug_funcnames
 *(.zdebug_funcnames)

.debug_typenames
 *(.debug_typenames)

.zdebug_typenames
 *(.zdebug_typenames)

.debug_varnames
 *(.debug_varnames)

.zdebug_varnames
 *(.zdebug_varnames)

.debug_pubtypes
 *(.debug_pubtypes)

.zdebug_pubtypes
 *(.zdebug_pubtypes)

.debug_ranges
 *(.debug_ranges)

.zdebug_ranges
 *(.zdebug_ranges)

.debug_types
 *(.debug_types .gnu.linkonce.wt.*)

.zdebug_types
 *(.zdebug_types .gnu.linkonce.wt.*)

.debug_addr
 *(.debug_addr)

.zdebug_addr
 *(.zdebug_addr)

.debug_line_str
 *(.debug_line_str)

.zdebug_line_str
 *(.zdebug_line_str)

.debug_loclists
 *(.debug_loclists)

.zdebug_loclists
 *(.zdebug_loclists)

.debug_macro
 *(.debug_macro)

.zdebug_macro
 *(.zdebug_macro)

.debug_names
 *(.debug_names)

.zdebug_names
 *(.zdebug_names)

.debug_rnglists
 *(.debug_rnglists)

.zdebug_rnglists
 *(.zdebug_rnglists)

.debug_str_offsets
 *(.debug_str_offsets)

.zdebug_str_offsets
 *(.zdebug_str_offsets)

.debug_sup
 *(.debug_sup)

.debug_gdb_scripts
 *(.debug_gdb_scripts)

.zdebug_gdb_scripts
 *(.zdebug_gdb_scripts)
OUTPUT(bootpack.sys pei-x86-64)
LOAD dll stuff
